Archive member included because of file (symbol)

./mbed/TARGET_LPC1768/TOOLCHAIN_GCC_ARM\libmbed.a(serial_api.o)
                              mbed/TARGET_LPC1768/TOOLCHAIN_GCC_ARM/retarget.o (serial_getc)
./mbed/TARGET_LPC1768/TOOLCHAIN_GCC_ARM\libmbed.a(FilePath.o)
                              mbed/TARGET_LPC1768/TOOLCHAIN_GCC_ARM/retarget.o (mbed::FilePath::FilePath(char const*))
./mbed/TARGET_LPC1768/TOOLCHAIN_GCC_ARM\libmbed.a(FileSystemLike.o)
                              mbed/TARGET_LPC1768/TOOLCHAIN_GCC_ARM/retarget.o (mbed::FileSystemLike::opendir())
./mbed/TARGET_LPC1768/TOOLCHAIN_GCC_ARM\libmbed.a(Serial.o)
                              UART_multiData/UART_multiData.o (mbed::Serial::Serial(PinName, PinName, char const*))
./mbed/TARGET_LPC1768/TOOLCHAIN_GCC_ARM\libmbed.a(SerialBase.o)
                              ./mbed/TARGET_LPC1768/TOOLCHAIN_GCC_ARM\libmbed.a(Serial.o) (mbed::SerialBase::SerialBase(PinName, PinName))
./mbed/TARGET_LPC1768/TOOLCHAIN_GCC_ARM\libmbed.a(Stream.o)
                              ./mbed/TARGET_LPC1768/TOOLCHAIN_GCC_ARM\libmbed.a(Serial.o) (mbed::Stream::close())
./mbed/TARGET_LPC1768/TOOLCHAIN_GCC_ARM\libmbed.a(assert.o)
                              mbed/TARGET_LPC1768/TOOLCHAIN_GCC_ARM/board.o (mbed_assert_internal)
./mbed/TARGET_LPC1768/TOOLCHAIN_GCC_ARM\libmbed.a(error.o)
                              mbed/TARGET_LPC1768/TOOLCHAIN_GCC_ARM/retarget.o (error)
./mbed/TARGET_LPC1768/TOOLCHAIN_GCC_ARM\libmbed.a(gpio.o)
                              ./mbed/TARGET_LPC1768/TOOLCHAIN_GCC_ARM\libmbed.a(serial_api.o) (gpio_init_in)
./mbed/TARGET_LPC1768/TOOLCHAIN_GCC_ARM\libmbed.a(mbed_interface.o)
                              mbed/TARGET_LPC1768/TOOLCHAIN_GCC_ARM/retarget.o (mbed_interface_connected)
./mbed/TARGET_LPC1768/TOOLCHAIN_GCC_ARM\libmbed.a(pinmap_common.o)
                              ./mbed/TARGET_LPC1768/TOOLCHAIN_GCC_ARM\libmbed.a(serial_api.o) (pinmap_pinout)
./mbed/TARGET_LPC1768/TOOLCHAIN_GCC_ARM\libmbed.a(semihost_api.o)
                              mbed/TARGET_LPC1768/TOOLCHAIN_GCC_ARM/retarget.o (semihost_exit)
./mbed/TARGET_LPC1768/TOOLCHAIN_GCC_ARM\libmbed.a(wait_api.o)
                              ./mbed/TARGET_LPC1768/TOOLCHAIN_GCC_ARM\libmbed.a(SerialBase.o) (wait_us)
./mbed/TARGET_LPC1768/TOOLCHAIN_GCC_ARM\libmbed.a(gpio_api.o)
                              ./mbed/TARGET_LPC1768/TOOLCHAIN_GCC_ARM\libmbed.a(gpio.o) (gpio_init)
./mbed/TARGET_LPC1768/TOOLCHAIN_GCC_ARM\libmbed.a(pinmap.o)
                              ./mbed/TARGET_LPC1768/TOOLCHAIN_GCC_ARM\libmbed.a(pinmap_common.o) (pin_function)
./mbed/TARGET_LPC1768/TOOLCHAIN_GCC_ARM\libmbed.a(us_ticker.o)
                              ./mbed/TARGET_LPC1768/TOOLCHAIN_GCC_ARM\libmbed.a(wait_api.o) (us_ticker_read)
./mbed/TARGET_LPC1768/TOOLCHAIN_GCC_ARM\libmbed.a(FileLike.o)
                              ./mbed/TARGET_LPC1768/TOOLCHAIN_GCC_ARM\libmbed.a(Stream.o) (mbed::FileLike::FileLike(char const*))
./mbed/TARGET_LPC1768/TOOLCHAIN_GCC_ARM\libmbed.a(FileBase.o)
                              ./mbed/TARGET_LPC1768/TOOLCHAIN_GCC_ARM\libmbed.a(FileSystemLike.o) (mbed::FileBase::~FileBase())
./mbed/TARGET_LPC1768/TOOLCHAIN_GCC_ARM\libmbed.a(us_ticker_api.o)
                              ./mbed/TARGET_LPC1768/TOOLCHAIN_GCC_ARM\libmbed.a(us_ticker.o) (us_ticker_irq_handler)
./mbed/TARGET_LPC1768/TOOLCHAIN_GCC_ARM\libmbed.a(ticker_api.o)
                              ./mbed/TARGET_LPC1768/TOOLCHAIN_GCC_ARM\libmbed.a(us_ticker_api.o) (ticker_irq_handler)
c:/program files (x86)/gnu tools arm embedded/4.9 2015q3/bin/../lib/gcc/arm-none-eabi/4.9.3/../../../../arm-none-eabi/lib/armv7-m\libstdc++_nano.a(atexit_arm.o)
                              main.o (__aeabi_atexit)
c:/program files (x86)/gnu tools arm embedded/4.9 2015q3/bin/../lib/gcc/arm-none-eabi/4.9.3/../../../../arm-none-eabi/lib/armv7-m\libstdc++_nano.a(del_op.o)
                              main.o (operator delete(void*))
c:/program files (x86)/gnu tools arm embedded/4.9 2015q3/bin/../lib/gcc/arm-none-eabi/4.9.3/../../../../arm-none-eabi/lib/armv7-m\libstdc++_nano.a(new_op.o)
                              ./mbed/TARGET_LPC1768/TOOLCHAIN_GCC_ARM\libmbed.a(FileSystemLike.o) (operator new(unsigned int))
c:/program files (x86)/gnu tools arm embedded/4.9 2015q3/bin/../lib/gcc/arm-none-eabi/4.9.3/../../../../arm-none-eabi/lib/armv7-m\libstdc++_nano.a(new_handler.o)
                              c:/program files (x86)/gnu tools arm embedded/4.9 2015q3/bin/../lib/gcc/arm-none-eabi/4.9.3/../../../../arm-none-eabi/lib/armv7-m\libstdc++_nano.a(new_op.o) (std::get_new_handler())
c:/program files (x86)/gnu tools arm embedded/4.9 2015q3/bin/../lib/gcc/arm-none-eabi/4.9.3/../../../../arm-none-eabi/lib/armv7-m\libc_nano.a(lib_a-abort.o)
                              c:/program files (x86)/gnu tools arm embedded/4.9 2015q3/bin/../lib/gcc/arm-none-eabi/4.9.3/../../../../arm-none-eabi/lib/armv7-m\libstdc++_nano.a(new_op.o) (abort)
[...]
Memory Configuration

Name             Origin             Length             Attributes
FLASH            0x00000000         0x00080000         xr
RAM              0x100000c8         0x00007f38         xrw
USB_RAM          0x2007c000         0x00004000         xrw
ETH_RAM          0x20080000         0x00004000         xrw
*default*        0x00000000         0xffffffff

Linker script and memory map

LOAD c:/program files (x86)/gnu tools arm embedded/4.9 2015q3/bin/../lib/gcc/arm-none-eabi/4.9.3/armv7-m/crti.o
LOAD c:/program files (x86)/gnu tools arm embedded/4.9 2015q3/bin/../lib/gcc/arm-none-eabi/4.9.3/armv7-m/crtbegin.o
LOAD c:/program files (x86)/gnu tools arm embedded/4.9 2015q3/bin/../lib/gcc/arm-none-eabi/4.9.3/../../../../arm-none-eabi/lib/armv7-m/crt0.o
LOAD main.o
LOAD UART_multiData/UART_multiData.o
LOAD mbed/TARGET_LPC1768/TOOLCHAIN_GCC_ARM/board.o
LOAD mbed/TARGET_LPC1768/TOOLCHAIN_GCC_ARM/cmsis_nvic.o
LOAD mbed/TARGET_LPC1768/TOOLCHAIN_GCC_ARM/retarget.o
LOAD mbed/TARGET_LPC1768/TOOLCHAIN_GCC_ARM/startup_LPC17xx.o
LOAD mbed/TARGET_LPC1768/TOOLCHAIN_GCC_ARM/system_LPC17xx.o
LOAD ./mbed/TARGET_LPC1768/TOOLCHAIN_GCC_ARM\libmbed.a
LOAD c:/program files (x86)/gnu tools arm embedded/4.9 2015q3/bin/../lib/gcc/arm-none-eabi/4.9.3/../../../../arm-none-eabi/lib/armv7-m\libstdc++_nano.a
LOAD c:/program files (x86)/gnu tools arm embedded/4.9 2015q3/bin/../lib/gcc/arm-none-eabi/4.9.3/../../../../arm-none-eabi/lib/armv7-m\libsupc++_nano.a
LOAD c:/program files (x86)/gnu tools arm embedded/4.9 2015q3/bin/../lib/gcc/arm-none-eabi/4.9.3/../../../../arm-none-eabi/lib/armv7-m\libm.a
LOAD c:/program files (x86)/gnu tools arm embedded/4.9 2015q3/bin/../lib/gcc/arm-none-eabi/4.9.3/../../../../arm-none-eabi/lib/armv7-m\libc_nano.a
LOAD c:/program files (x86)/gnu tools arm embedded/4.9 2015q3/bin/../lib/gcc/arm-none-eabi/4.9.3/armv7-m\libgcc.a
LOAD c:/program files (x86)/gnu tools arm embedded/4.9 2015q3/bin/../lib/gcc/arm-none-eabi/4.9.3/../../../../arm-none-eabi/lib/armv7-m\libnosys.a
LOAD ./mbed/TARGET_LPC1768/TOOLCHAIN_GCC_ARM\libmbed.a
LOAD c:/program files (x86)/gnu tools arm embedded/4.9 2015q3/bin/../lib/gcc/arm-none-eabi/4.9.3/../../../../arm-none-eabi/lib/armv7-m\libstdc++_nano.a
LOAD c:/program files (x86)/gnu tools arm embedded/4.9 2015q3/bin/../lib/gcc/arm-none-eabi/4.9.3/../../../../arm-none-eabi/lib/armv7-m\libsupc++_nano.a
LOAD c:/program files (x86)/gnu tools arm embedded/4.9 2015q3/bin/../lib/gcc/arm-none-eabi/4.9.3/../../../../arm-none-eabi/lib/armv7-m\libm.a
LOAD c:/program files (x86)/gnu tools arm embedded/4.9 2015q3/bin/../lib/gcc/arm-none-eabi/4.9.3/../../../../arm-none-eabi/lib/armv7-m\libc_nano.a
LOAD c:/program files (x86)/gnu tools arm embedded/4.9 2015q3/bin/../lib/gcc/arm-none-eabi/4.9.3/armv7-m\libgcc.a
LOAD c:/program files (x86)/gnu tools arm embedded/4.9 2015q3/bin/../lib/gcc/arm-none-eabi/4.9.3/../../../../arm-none-eabi/lib/armv7-m\libnosys.a
START GROUP
LOAD c:/program files (x86)/gnu tools arm embedded/4.9 2015q3/bin/../lib/gcc/arm-none-eabi/4.9.3/armv7-m\libgcc.a
LOAD c:/program files (x86)/gnu tools arm embedded/4.9 2015q3/bin/../lib/gcc/arm-none-eabi/4.9.3/../../../../arm-none-eabi/lib/armv7-m\libc_nano.a
END GROUP
START GROUP
LOAD c:/program files (x86)/gnu tools arm embedded/4.9 2015q3/bin/../lib/gcc/arm-none-eabi/4.9.3/armv7-m\libgcc.a
LOAD c:/program files (x86)/gnu tools arm embedded/4.9 2015q3/bin/../lib/gcc/arm-none-eabi/4.9.3/../../../../arm-none-eabi/lib/armv7-m\libc_nano.a
END GROUP
LOAD c:/program files (x86)/gnu tools arm embedded/4.9 2015q3/bin/../lib/gcc/arm-none-eabi/4.9.3/armv7-m/crtend.o
LOAD c:/program files (x86)/gnu tools arm embedded/4.9 2015q3/bin/../lib/gcc/arm-none-eabi/4.9.3/armv7-m/crtn.o

.text           0x00000000     0x7ea8
 *(.isr_vector)
 .isr_vector    0x00000000       0xcc mbed/TARGET_LPC1768/TOOLCHAIN_GCC_ARM/startup_LPC17xx.o
                0x00000000                __isr_vector
 *(.text*)
 .text          0x000000cc       0x5c c:/program files (x86)/gnu tools arm embedded/4.9 2015q3/bin/../lib/gcc/arm-none-eabi/4.9.3/armv7-m/crtbegin.o
 .text          0x00000128       0x74 c:/program files (x86)/gnu tools arm embedded/4.9 2015q3/bin/../lib/gcc/arm-none-eabi/4.9.3/../../../../arm-none-eabi/lib/armv7-m/crt0.o
                0x00000128                _start
                0x00000128                _mainCRTStartup
 .text._ZN4mbed10SerialBaseD2Ev
                0x0000019c        0x2 main.o
                0x0000019c                mbed::SerialBase::~SerialBase()
                0x0000019c                mbed::SerialBase::~SerialBase()
 .text._ZN4mbed10SerialBaseD0Ev
                0x0000019e        0xc main.o
                0x0000019e                mbed::SerialBase::~SerialBase()
 *fill*         0x000001aa        0x2 
 .text.startup.main
                0x000001ac       0x38 main.o
                0x000001ac                main
 .text._ZN4mbed6SerialD2Ev
                0x000001e4       0x24 main.o
                0x000001e4                mbed::Serial::~Serial()
                0x000001e4                mbed::Serial::~Serial()
 .text._ZN4mbed6SerialD1Ev
                0x00000208       0x10 main.o
                0x00000208                non-virtual thunk to mbed::Serial::~Serial()
                0x00000210                non-virtual thunk to mbed::Serial::~Serial()
 .text._ZN14UART_multiDataD2Ev
                0x00000218        0xc main.o
                0x00000218                UART_multiData::~UART_multiData()
                0x00000218                UART_multiData::~UART_multiData()
 .text._ZN4mbed6SerialD0Ev
                0x00000224       0x1e main.o
                0x00000224                mbed::Serial::~Serial()
                0x00000236                non-virtual thunk to mbed::Serial::~Serial()
                0x0000023c                non-virtual thunk to mbed::Serial::~Serial()
 *fill*         0x00000242        0x2 
 .text.startup._GLOBAL__sub_I_myled
                0x00000244       0x54 main.o
 .text._ZN14UART_multiDataC2E7PinNameS0_jj
                0x00000298       0x22 UART_multiData/UART_multiData.o
                0x00000298                UART_multiData::UART_multiData(PinName, PinName, unsigned int, unsigned int)
                0x00000298                UART_multiData::UART_multiData(PinName, PinName, unsigned int, unsigned int)
 .text._ZN14UART_multiData8SetCaddrEPc
                0x000002ba        0x4 UART_multiData/UART_multiData.o
                0x000002ba                UART_multiData::SetCaddr(char*)
 .text._ZN14UART_multiData8SetFaddrEPf
                0x000002be        0x4 UART_multiData/UART_multiData.o
                0x000002be                UART_multiData::SetFaddr(float*)
 .text._ZN14UART_multiData7PutDataEv
                0x000002c2       0x96 UART_multiData/UART_multiData.o
                0x000002c2                UART_multiData::PutData()
 .text.mbed_die
                0x00000358      0x10c mbed/TARGET_LPC1768/TOOLCHAIN_GCC_ARM/board.o
                0x00000358                mbed_die
 .text.NVIC_SetVector
                0x00000464       0x3c mbed/TARGET_LPC1768/TOOLCHAIN_GCC_ARM/cmsis_nvic.o
                0x00000464                NVIC_SetVector
 .text._ZN4mbed10FileHandle4flenEv
                0x000004a0       0x34 mbed/TARGET_LPC1768/TOOLCHAIN_GCC_ARM/retarget.o
                0x000004a0                mbed::FileHandle::flen()
 .text._ZL11init_serialv.part.0
                0x000004d4       0x18 mbed/TARGET_LPC1768/TOOLCHAIN_GCC_ARM/retarget.o
 .text._ZN4mbed10FileHandleD2Ev
                0x000004ec       0x2c mbed/TARGET_LPC1768/TOOLCHAIN_GCC_ARM/retarget.o
                0x000004ec                mbed::FileHandle::~FileHandle()
                0x000004ec                mbed::FileHandle::~FileHandle()
 .text._open    0x00000518       0xf8 mbed/TARGET_LPC1768/TOOLCHAIN_GCC_ARM/retarget.o
                0x00000518                _open
 .text._close   0x00000610       0x28 mbed/TARGET_LPC1768/TOOLCHAIN_GCC_ARM/retarget.o
                0x00000610                _close
 .text._write   0x00000638       0x4c mbed/TARGET_LPC1768/TOOLCHAIN_GCC_ARM/retarget.o
                0x00000638                _write
 .text._read    0x00000684       0x44 mbed/TARGET_LPC1768/TOOLCHAIN_GCC_ARM/retarget.o
                0x00000684                _read
 .text._isatty  0x000006c8       0x24 mbed/TARGET_LPC1768/TOOLCHAIN_GCC_ARM/retarget.o
                0x000006c8                _isatty
 .text._lseek   0x000006ec       0x24 mbed/TARGET_LPC1768/TOOLCHAIN_GCC_ARM/retarget.o
                0x000006ec                _lseek
 .text._fstat   0x00000710       0x20 mbed/TARGET_LPC1768/TOOLCHAIN_GCC_ARM/retarget.o
                0x00000710                _fstat
 .text.__cxa_pure_virtual
                0x00000730        0x8 mbed/TARGET_LPC1768/TOOLCHAIN_GCC_ARM/retarget.o
                0x00000730                __cxa_pure_virtual
 .text.mbed_main
                0x00000738        0x4 mbed/TARGET_LPC1768/TOOLCHAIN_GCC_ARM/retarget.o
                0x00000738                mbed_main
 .text.mbed_sdk_init
                0x0000073c        0x4 mbed/TARGET_LPC1768/TOOLCHAIN_GCC_ARM/retarget.o
                0x0000073c                mbed_sdk_init
 .text.__wrap_main
                0x00000740       0x14 mbed/TARGET_LPC1768/TOOLCHAIN_GCC_ARM/retarget.o
                0x00000740                __wrap_main
 .text._sbrk    0x00000754       0x28 mbed/TARGET_LPC1768/TOOLCHAIN_GCC_ARM/retarget.o
                0x00000754                _sbrk
 .text._exit    0x0000077c       0x30 mbed/TARGET_LPC1768/TOOLCHAIN_GCC_ARM/retarget.o
                0x0000077c                _exit
 .text._ZN4mbed26mbed_set_unbuffered_streamEP7__sFILE
                0x000007ac        0x8 mbed/TARGET_LPC1768/TOOLCHAIN_GCC_ARM/retarget.o
                0x000007ac                mbed::mbed_set_unbuffered_stream(__sFILE*)
 .text          0x000007b4       0x44 mbed/TARGET_LPC1768/TOOLCHAIN_GCC_ARM/startup_LPC17xx.o
                0x000007b4                Reset_Handler
                0x000007e4                NMI_Handler
                0x000007e6                HardFault_Handler
                0x000007e8                MemManage_Handler
                0x000007ea                BusFault_Handler
                0x000007ec                UsageFault_Handler
                0x000007ee                SVC_Handler
                0x000007f0                DebugMon_Handler
                0x000007f2                PendSV_Handler
                0x000007f4                SysTick_Handler
                0x000007f6                EINT2_IRQHandler
                0x000007f6                USBActivity_IRQHandler
                0x000007f6                EINT3_IRQHandler
                0x000007f6                CANActivity_IRQHandler
                0x000007f6                TIMER3_IRQHandler
                0x000007f6                UART0_IRQHandler
                0x000007f6                UART1_IRQHandler
                0x000007f6                I2C1_IRQHandler
                0x000007f6                PLL0_IRQHandler
                0x000007f6                I2C0_IRQHandler
                0x000007f6                PLL1_IRQHandler
                0x000007f6                SSP0_IRQHandler
                0x000007f6                I2S_IRQHandler
                0x000007f6                I2C2_IRQHandler
                0x000007f6                RTC_IRQHandler
                0x000007f6                TIMER0_IRQHandler
                0x000007f6                RIT_IRQHandler
                0x000007f6                SPI_IRQHandler
                0x000007f6                EINT1_IRQHandler
                0x000007f6                TIMER1_IRQHandler
                0x000007f6                UART2_IRQHandler
                0x000007f6                Default_Handler
                0x000007f6                ADC_IRQHandler
                0x000007f6                SSP1_IRQHandler
                0x000007f6                USB_IRQHandler
                0x000007f6                BOD_IRQHandler
                0x000007f6                PWM1_IRQHandler
                0x000007f6                WDT_IRQHandler
                0x000007f6                CAN_IRQHandler
                0x000007f6                QEI_IRQHandler
                0x000007f6                EINT0_IRQHandler
                0x000007f6                DEF_IRQHandler
                0x000007f6                DMA_IRQHandler
                0x000007f6                TIMER2_IRQHandler
                0x000007f6                UART3_IRQHandler
                0x000007f6                MCPWM_IRQHandler
                0x000007f6                ENET_IRQHandler
 .text.SystemInit
                0x000007f8       0xb8 mbed/TARGET_LPC1768/TOOLCHAIN_GCC_ARM/system_LPC17xx.o
                0x000007f8                SystemInit
 .text.uart1_irq
                0x000008b0       0x60 ./mbed/TARGET_LPC1768/TOOLCHAIN_GCC_ARM\libmbed.a(serial_api.o)
                0x000008b0                uart1_irq
 .text.serial_irq_set_internal
                0x00000910       0xc8 ./mbed/TARGET_LPC1768/TOOLCHAIN_GCC_ARM\libmbed.a(serial_api.o)
 .text.uart3_irq
                0x000009d8       0x6c ./mbed/TARGET_LPC1768/TOOLCHAIN_GCC_ARM\libmbed.a(serial_api.o)
                0x000009d8                uart3_irq
 .text.uart2_irq
                0x00000a44       0x64 ./mbed/TARGET_LPC1768/TOOLCHAIN_GCC_ARM\libmbed.a(serial_api.o)
                0x00000a44                uart2_irq
 .text.uart0_irq
                0x00000aa8       0x60 ./mbed/TARGET_LPC1768/TOOLCHAIN_GCC_ARM\libmbed.a(serial_api.o)
                0x00000aa8                uart0_irq
 .text.serial_baud
                0x00000b08      0x234 ./mbed/TARGET_LPC1768/TOOLCHAIN_GCC_ARM\libmbed.a(serial_api.o)
                0x00000b08                serial_baud
 .text.serial_format
                0x00000d3c       0x78 ./mbed/TARGET_LPC1768/TOOLCHAIN_GCC_ARM\libmbed.a(serial_api.o)
                0x00000d3c                serial_format
 .text.serial_irq_handler
                0x00000db4       0x20 ./mbed/TARGET_LPC1768/TOOLCHAIN_GCC_ARM\libmbed.a(serial_api.o)
                0x00000db4                serial_irq_handler
 .text.serial_getc
                0x00000dd4       0x34 ./mbed/TARGET_LPC1768/TOOLCHAIN_GCC_ARM\libmbed.a(serial_api.o)
                0x00000dd4                serial_getc
 .text.serial_writable
                0x00000e08       0x50 ./mbed/TARGET_LPC1768/TOOLCHAIN_GCC_ARM\libmbed.a(serial_api.o)
                0x00000e08                serial_writable
 .text.serial_putc
                0x00000e58       0x34 ./mbed/TARGET_LPC1768/TOOLCHAIN_GCC_ARM\libmbed.a(serial_api.o)
                0x00000e58                serial_putc
 .text.serial_set_flow_control
                0x00000e8c      0x130 ./mbed/TARGET_LPC1768/TOOLCHAIN_GCC_ARM\libmbed.a(serial_api.o)
                0x00000e8c                serial_set_flow_control
 .text.serial_init
                0x00000fbc      0x1bc ./mbed/TARGET_LPC1768/TOOLCHAIN_GCC_ARM\libmbed.a(serial_api.o)
                0x00000fbc                serial_init
 .text._ZN4mbed8FilePathC2EPKc
                0x00001178       0x54 ./mbed/TARGET_LPC1768/TOOLCHAIN_GCC_ARM\libmbed.a(FilePath.o)
                0x00001178                mbed::FilePath::FilePath(char const*)
                0x00001178                mbed::FilePath::FilePath(char const*)
 .text._ZN4mbed8FilePath8fileNameEv
                0x000011cc        0x4 ./mbed/TARGET_LPC1768/TOOLCHAIN_GCC_ARM\libmbed.a(FilePath.o)
                0x000011cc                mbed::FilePath::fileName()
 .text._ZN4mbed8FilePath10fileSystemEv
                0x000011d0       0x20 ./mbed/TARGET_LPC1768/TOOLCHAIN_GCC_ARM\libmbed.a(FilePath.o)
                0x000011d0                mbed::FilePath::fileSystem()
 .text._ZN4mbed8FilePath6isFileEv
                0x000011f0       0x14 ./mbed/TARGET_LPC1768/TOOLCHAIN_GCC_ARM\libmbed.a(FilePath.o)
                0x000011f0                mbed::FilePath::isFile()
 .text._ZN4mbed8FilePath4fileEv
                0x00001204       0x20 ./mbed/TARGET_LPC1768/TOOLCHAIN_GCC_ARM\libmbed.a(FilePath.o)
                0x00001204                mbed::FilePath::file()
 .text._ZN4mbed8FilePath6existsEv
                0x00001224        0xc ./mbed/TARGET_LPC1768/TOOLCHAIN_GCC_ARM\libmbed.a(FilePath.o)
                0x00001224                mbed::FilePath::exists()
 .text._ZN4mbed6Serial5_getcEv
                0x00001230        0x4 ./mbed/TARGET_LPC1768/TOOLCHAIN_GCC_ARM\libmbed.a(Serial.o)
                0x00001230                mbed::Serial::_getc()
 .text._ZThn64_N4mbed6Serial5_getcEv
                0x00001234        0x8 ./mbed/TARGET_LPC1768/TOOLCHAIN_GCC_ARM\libmbed.a(Serial.o)
                0x00001234                non-virtual thunk to mbed::Serial::_getc()
 .text._ZN4mbed6Serial5_putcEi
                0x0000123c        0x4 ./mbed/TARGET_LPC1768/TOOLCHAIN_GCC_ARM\libmbed.a(Serial.o)
                0x0000123c                mbed::Serial::_putc(int)
 .text._ZThn64_N4mbed6Serial5_putcEi
                0x00001240        0x8 ./mbed/TARGET_LPC1768/TOOLCHAIN_GCC_ARM\libmbed.a(Serial.o)
                0x00001240                non-virtual thunk to mbed::Serial::_putc(int)
 .text._ZN4mbed6SerialC2E7PinNameS1_PKc
                0x00001248       0x30 ./mbed/TARGET_LPC1768/TOOLCHAIN_GCC_ARM\libmbed.a(Serial.o)
                0x00001248                mbed::Serial::Serial(PinName, PinName, char const*)
                0x00001248                mbed::Serial::Serial(PinName, PinName, char const*)
 .text._ZN4mbed10SerialBase12_irq_handlerEm9SerialIrq
                0x00001278       0x34 ./mbed/TARGET_LPC1768/TOOLCHAIN_GCC_ARM\libmbed.a(SerialBase.o)
                0x00001278                mbed::SerialBase::_irq_handler(unsigned long, SerialIrq)
 .text._ZN4mbed10SerialBaseC2E7PinNameS1_
                0x000012ac       0x3c ./mbed/TARGET_LPC1768/TOOLCHAIN_GCC_ARM\libmbed.a(SerialBase.o)
                0x000012ac                mbed::SerialBase::SerialBase(PinName, PinName)
                0x000012ac                mbed::SerialBase::SerialBase(PinName, PinName)
 .text._ZN4mbed10SerialBase9writeableEv
                0x000012e8        0x8 ./mbed/TARGET_LPC1768/TOOLCHAIN_GCC_ARM\libmbed.a(SerialBase.o)
                0x000012e8                mbed::SerialBase::writeable()
 .text._ZN4mbed10SerialBase10_base_getcEv
                0x000012f0        0x8 ./mbed/TARGET_LPC1768/TOOLCHAIN_GCC_ARM\libmbed.a(SerialBase.o)
                0x000012f0                mbed::SerialBase::_base_getc()
 .text._ZN4mbed10SerialBase10_base_putcEi
                0x000012f8       0x10 ./mbed/TARGET_LPC1768/TOOLCHAIN_GCC_ARM\libmbed.a(SerialBase.o)
                0x000012f8                mbed::SerialBase::_base_putc(int)
 .text._ZN4mbed6Stream5closeEv
                0x00001308        0x4 ./mbed/TARGET_LPC1768/TOOLCHAIN_GCC_ARM\libmbed.a(Stream.o)
                0x00001308                mbed::Stream::close()
 .text._ZN4mbed6Stream5writeEPKvj
                0x0000130c       0x2c ./mbed/TARGET_LPC1768/TOOLCHAIN_GCC_ARM\libmbed.a(Stream.o)
                0x0000130c                mbed::Stream::write(void const*, unsigned int)
 .text._ZN4mbed6Stream4readEPvj
                0x00001338       0x2c ./mbed/TARGET_LPC1768/TOOLCHAIN_GCC_ARM\libmbed.a(Stream.o)
                0x00001338                mbed::Stream::read(void*, unsigned int)
 .text._ZN4mbed6Stream5lseekEli
                0x00001364        0x4 ./mbed/TARGET_LPC1768/TOOLCHAIN_GCC_ARM\libmbed.a(Stream.o)
                0x00001364                mbed::Stream::lseek(long, int)
 .text._ZN4mbed6Stream6isattyEv
                0x00001368        0x4 ./mbed/TARGET_LPC1768/TOOLCHAIN_GCC_ARM\libmbed.a(Stream.o)
                0x00001368                mbed::Stream::isatty()
 .text._ZN4mbed6Stream5fsyncEv
                0x0000136c        0x4 ./mbed/TARGET_LPC1768/TOOLCHAIN_GCC_ARM\libmbed.a(Stream.o)
                0x0000136c                mbed::Stream::fsync()
 .text._ZN4mbed6Stream4flenEv
                0x00001370        0x4 ./mbed/TARGET_LPC1768/TOOLCHAIN_GCC_ARM\libmbed.a(Stream.o)
                0x00001370                mbed::Stream::flen()
 .text._ZN4mbed6StreamC2EPKc
                0x00001374       0x44 ./mbed/TARGET_LPC1768/TOOLCHAIN_GCC_ARM\libmbed.a(Stream.o)
                0x00001374                mbed::Stream::Stream(char const*)
                0x00001374                mbed::Stream::Stream(char const*)
 .text._ZN4mbed6StreamD2Ev
                0x000013b8       0x24 ./mbed/TARGET_LPC1768/TOOLCHAIN_GCC_ARM\libmbed.a(Stream.o)
                0x000013b8                mbed::Stream::~Stream()
                0x000013b8                mbed::Stream::~Stream()
 .text._ZN4mbed6Stream4putcEi
                0x000013dc       0x18 ./mbed/TARGET_LPC1768/TOOLCHAIN_GCC_ARM\libmbed.a(Stream.o)
                0x000013dc                mbed::Stream::putc(int)
 .text.mbed_assert_internal
                0x000013f4       0x18 ./mbed/TARGET_LPC1768/TOOLCHAIN_GCC_ARM\libmbed.a(assert.o)
                0x000013f4                mbed_assert_internal
 .text.error    0x0000140c       0x24 ./mbed/TARGET_LPC1768/TOOLCHAIN_GCC_ARM\libmbed.a(error.o)
                0x0000140c                error
 .text.gpio_init_in
                0x00001430       0x24 ./mbed/TARGET_LPC1768/TOOLCHAIN_GCC_ARM\libmbed.a(gpio.o)
                0x00001430                gpio_init_in
 .text.gpio_init_out
                0x00001454       0x44 ./mbed/TARGET_LPC1768/TOOLCHAIN_GCC_ARM\libmbed.a(gpio.o)
                0x00001454                gpio_init_out
 .text.gpio_init_out_ex
                0x00001498       0x54 ./mbed/TARGET_LPC1768/TOOLCHAIN_GCC_ARM\libmbed.a(gpio.o)
                0x00001498                gpio_init_out_ex
 .text.mbed_interface_connected
                0x000014ec        0x4 ./mbed/TARGET_LPC1768/TOOLCHAIN_GCC_ARM\libmbed.a(mbed_interface.o)
                0x000014ec                mbed_interface_connected
 .text.pinmap_pinout
                0x000014f0       0x40 ./mbed/TARGET_LPC1768/TOOLCHAIN_GCC_ARM\libmbed.a(pinmap_common.o)
                0x000014f0                pinmap_pinout
 .text.pinmap_merge
                0x00001530       0x24 ./mbed/TARGET_LPC1768/TOOLCHAIN_GCC_ARM\libmbed.a(pinmap_common.o)
                0x00001530                pinmap_merge
 .text.pinmap_find_peripheral
                0x00001554       0x1c ./mbed/TARGET_LPC1768/TOOLCHAIN_GCC_ARM\libmbed.a(pinmap_common.o)
                0x00001554                pinmap_find_peripheral
 .text.pinmap_peripheral
                0x00001570       0x34 ./mbed/TARGET_LPC1768/TOOLCHAIN_GCC_ARM\libmbed.a(pinmap_common.o)
                0x00001570                pinmap_peripheral
 .text.semihost_exit
                0x000015a4       0x18 ./mbed/TARGET_LPC1768/TOOLCHAIN_GCC_ARM\libmbed.a(semihost_api.o)
                0x000015a4                semihost_exit
 .text.semihost_connected
                0x000015bc       0x10 ./mbed/TARGET_LPC1768/TOOLCHAIN_GCC_ARM\libmbed.a(semihost_api.o)
                0x000015bc                semihost_connected
 .text.wait_us  0x000015cc       0x18 ./mbed/TARGET_LPC1768/TOOLCHAIN_GCC_ARM\libmbed.a(wait_api.o)
                0x000015cc                wait_us
 .text.wait_ms  0x000015e4        0xc ./mbed/TARGET_LPC1768/TOOLCHAIN_GCC_ARM\libmbed.a(wait_api.o)
                0x000015e4                wait_ms
 .text.gpio_set
                0x000015f0       0x30 ./mbed/TARGET_LPC1768/TOOLCHAIN_GCC_ARM\libmbed.a(gpio_api.o)
                0x000015f0                gpio_set
 .text.gpio_init
                0x00001620       0x30 ./mbed/TARGET_LPC1768/TOOLCHAIN_GCC_ARM\libmbed.a(gpio_api.o)
                0x00001620                gpio_init
 .text.gpio_mode
                0x00001650        0x8 ./mbed/TARGET_LPC1768/TOOLCHAIN_GCC_ARM\libmbed.a(gpio_api.o)
                0x00001650                gpio_mode
 .text.gpio_dir
                0x00001658       0x44 ./mbed/TARGET_LPC1768/TOOLCHAIN_GCC_ARM\libmbed.a(gpio_api.o)
                0x00001658                gpio_dir
 .text.pin_function
                0x0000169c       0x50 ./mbed/TARGET_LPC1768/TOOLCHAIN_GCC_ARM\libmbed.a(pinmap.o)
                0x0000169c                pin_function
 .text.pin_mode
                0x000016ec       0x78 ./mbed/TARGET_LPC1768/TOOLCHAIN_GCC_ARM\libmbed.a(pinmap.o)
                0x000016ec                pin_mode
 .text.us_ticker_init.part.0
                0x00001764       0x64 ./mbed/TARGET_LPC1768/TOOLCHAIN_GCC_ARM\libmbed.a(us_ticker.o)
 .text.us_ticker_init
                0x000017c8       0x10 ./mbed/TARGET_LPC1768/TOOLCHAIN_GCC_ARM\libmbed.a(us_ticker.o)
                0x000017c8                us_ticker_init
 .text.us_ticker_read
                0x000017d8       0x1c ./mbed/TARGET_LPC1768/TOOLCHAIN_GCC_ARM\libmbed.a(us_ticker.o)
                0x000017d8                us_ticker_read
 .text.us_ticker_set_interrupt
                0x000017f4       0x14 ./mbed/TARGET_LPC1768/TOOLCHAIN_GCC_ARM\libmbed.a(us_ticker.o)
                0x000017f4                us_ticker_set_interrupt
 .text.us_ticker_disable_interrupt
                0x00001808       0x10 ./mbed/TARGET_LPC1768/TOOLCHAIN_GCC_ARM\libmbed.a(us_ticker.o)
                0x00001808                us_ticker_disable_interrupt
 .text.us_ticker_clear_interrupt
                0x00001818        0xc ./mbed/TARGET_LPC1768/TOOLCHAIN_GCC_ARM\libmbed.a(us_ticker.o)
                0x00001818                us_ticker_clear_interrupt
 .text._ZN4mbed8FileLikeC2EPKc
                0x00001824       0x28 ./mbed/TARGET_LPC1768/TOOLCHAIN_GCC_ARM\libmbed.a(FileLike.o)
                0x00001824                mbed::FileLike::FileLike(char const*)
                0x00001824                mbed::FileLike::FileLike(char const*)
 .text._ZN4mbed8FileLikeD2Ev
                0x0000184c       0x24 ./mbed/TARGET_LPC1768/TOOLCHAIN_GCC_ARM\libmbed.a(FileLike.o)
                0x0000184c                mbed::FileLike::~FileLike()
                0x0000184c                mbed::FileLike::~FileLike()
 .text._ZN4mbed8FileBaseD2Ev
                0x00001870       0x30 ./mbed/TARGET_LPC1768/TOOLCHAIN_GCC_ARM\libmbed.a(FileBase.o)
                0x00001870                mbed::FileBase::~FileBase()
                0x00001870                mbed::FileBase::~FileBase()
 .text._ZN4mbed8FileBaseD0Ev
                0x000018a0       0x3c ./mbed/TARGET_LPC1768/TOOLCHAIN_GCC_ARM\libmbed.a(FileBase.o)
                0x000018a0                mbed::FileBase::~FileBase()
 .text._ZN4mbed8FileBaseC2EPKcNS_8PathTypeE
                0x000018dc       0x28 ./mbed/TARGET_LPC1768/TOOLCHAIN_GCC_ARM\libmbed.a(FileBase.o)
                0x000018dc                mbed::FileBase::FileBase(char const*, mbed::PathType)
                0x000018dc                mbed::FileBase::FileBase(char const*, mbed::PathType)
 .text._ZN4mbed8FileBase6lookupEPKcj
                0x00001904       0x3c ./mbed/TARGET_LPC1768/TOOLCHAIN_GCC_ARM\libmbed.a(FileBase.o)
                0x00001904                mbed::FileBase::lookup(char const*, unsigned int)
 .text._ZN4mbed8FileBase11getPathTypeEv
                0x00001940        0x4 ./mbed/TARGET_LPC1768/TOOLCHAIN_GCC_ARM\libmbed.a(FileBase.o)
                0x00001940                mbed::FileBase::getPathType()
 .text.us_ticker_irq_handler
                0x00001944        0xc ./mbed/TARGET_LPC1768/TOOLCHAIN_GCC_ARM\libmbed.a(us_ticker_api.o)
                0x00001944                us_ticker_irq_handler
 .text.ticker_irq_handler
                0x00001950       0x4c ./mbed/TARGET_LPC1768/TOOLCHAIN_GCC_ARM\libmbed.a(ticker_api.o)
                0x00001950                ticker_irq_handler
 .text.__aeabi_atexit
                0x0000199c        0xa c:/program files (x86)/gnu tools arm embedded/4.9 2015q3/bin/../lib/gcc/arm-none-eabi/4.9.3/../../../../arm-none-eabi/lib/armv7-m\libstdc++_nano.a(atexit_arm.o)
                0x0000199c                __aeabi_atexit
 .text._ZdlPv   0x000019a6        0x4 c:/program files (x86)/gnu tools arm embedded/4.9 2015q3/bin/../lib/gcc/arm-none-eabi/4.9.3/../../../../arm-none-eabi/lib/armv7-m\libstdc++_nano.a(del_op.o)
                0x000019a6                operator delete(void*)
 .text.abs      0x000019aa        0x8 c:/program files (x86)/gnu tools arm embedded/4.9 2015q3/bin/../lib/gcc/arm-none-eabi/4.9.3/../../../../arm-none-eabi/lib/armv7-m\libc_nano.a(lib_a-abs.o)
                0x000019aa                abs
 *fill*         0x000019b2        0x2 
 .text.__cxa_atexit
                0x000019b4       0x1c c:/program files (x86)/gnu tools arm embedded/4.9 2015q3/bin/../lib/gcc/arm-none-eabi/4.9.3/../../../../arm-none-eabi/lib/armv7-m\libc_nano.a(lib_a-cxa_atexit.o)
                0x000019b4                __cxa_atexit
 .text.__errno  0x000019d0        0xc c:/program files (x86)/gnu tools arm embedded/4.9 2015q3/bin/../lib/gcc/arm-none-eabi/4.9.3/../../../../arm-none-eabi/lib/armv7-m\libc_nano.a(lib_a-errno.o)
                0x000019d0                __errno
 .text.exit     0x000019dc       0x28 c:/program files (x86)/gnu tools arm embedded/4.9 2015q3/bin/../lib/gcc/arm-none-eabi/4.9.3/../../../../arm-none-eabi/lib/armv7-m\libc_nano.a(lib_a-exit.o)
                0x000019dc                exit
 .text._fclose_r
                0x00001a04       0xa4 c:/program files (x86)/gnu tools arm embedded/4.9 2015q3/bin/../lib/gcc/arm-none-eabi/4.9.3/../../../../arm-none-eabi/lib/armv7-m\libc_nano.a(lib_a-fclose.o)
                0x00001a04                _fclose_r
 .text.fclose   0x00001aa8       0x10 c:/program files (x86)/gnu tools arm embedded/4.9 2015q3/bin/../lib/gcc/arm-none-eabi/4.9.3/../../../../arm-none-eabi/lib/armv7-m\libc_nano.a(lib_a-fclose.o)
                0x00001aa8                fclose
 .text.__sflush_r
                0x00001ab8      0x106 c:/program files (x86)/gnu tools arm embedded/4.9 2015q3/bin/../lib/gcc/arm-none-eabi/4.9.3/../../../../arm-none-eabi/lib/armv7-m\libc_nano.a(lib_a-fflush.o)
                0x00001ab8                __sflush_r
 *fill*         0x00001bbe        0x2 
 .text._fflush_r
                0x00001bc0       0x54 c:/program files (x86)/gnu tools arm embedded/4.9 2015q3/bin/../lib/gcc/arm-none-eabi/4.9.3/../../../../arm-none-eabi/lib/armv7-m\libc_nano.a(lib_a-fflush.o)
                0x00001bc0                _fflush_r
 .text.fflush   0x00001c14       0x24 c:/program files (x86)/gnu tools arm embedded/4.9 2015q3/bin/../lib/gcc/arm-none-eabi/4.9.3/../../../../arm-none-eabi/lib/armv7-m\libc_nano.a(lib_a-fflush.o)
                0x00001c14                fflush
 .text._cleanup_r
                0x00001c38        0xc c:/program files (x86)/gnu tools arm embedded/4.9 2015q3/bin/../lib/gcc/arm-none-eabi/4.9.3/../../../../arm-none-eabi/lib/armv7-m\libc_nano.a(lib_a-findfp.o)
                0x00001c38                _cleanup_r
 .text.std.isra.0
                0x00001c44       0x48 c:/program files (x86)/gnu tools arm embedded/4.9 2015q3/bin/../lib/gcc/arm-none-eabi/4.9.3/../../../../arm-none-eabi/lib/armv7-m\libc_nano.a(lib_a-findfp.o)
 .text.__sfmoreglue
                0x00001c8c       0x2c c:/program files (x86)/gnu tools arm embedded/4.9 2015q3/bin/../lib/gcc/arm-none-eabi/4.9.3/../../../../arm-none-eabi/lib/armv7-m\libc_nano.a(lib_a-findfp.o)
                0x00001c8c                __sfmoreglue
 .text.__sinit  0x00001cb8       0x60 c:/program files (x86)/gnu tools arm embedded/4.9 2015q3/bin/../lib/gcc/arm-none-eabi/4.9.3/../../../../arm-none-eabi/lib/armv7-m\libc_nano.a(lib_a-findfp.o)
                0x00001cb8                __sinit
 .text.__sfp    0x00001d18       0x74 c:/program files (x86)/gnu tools arm embedded/4.9 2015q3/bin/../lib/gcc/arm-none-eabi/4.9.3/../../../../arm-none-eabi/lib/armv7-m\libc_nano.a(lib_a-findfp.o)
                0x00001d18                __sfp
 .text.__sfp_lock_acquire
                0x00001d8c        0x2 c:/program files (x86)/gnu tools arm embedded/4.9 2015q3/bin/../lib/gcc/arm-none-eabi/4.9.3/../../../../arm-none-eabi/lib/armv7-m\libc_nano.a(lib_a-findfp.o)
                0x00001d8c                __sfp_lock_acquire
 .text.__sfp_lock_release
                0x00001d8e        0x2 c:/program files (x86)/gnu tools arm embedded/4.9 2015q3/bin/../lib/gcc/arm-none-eabi/4.9.3/../../../../arm-none-eabi/lib/armv7-m\libc_nano.a(lib_a-findfp.o)
                0x00001d8e                __sfp_lock_release
 .text._fopen_r
                0x00001d90       0x80 c:/program files (x86)/gnu tools arm embedded/4.9 2015q3/bin/../lib/gcc/arm-none-eabi/4.9.3/../../../../arm-none-eabi/lib/armv7-m\libc_nano.a(lib_a-fopen.o)
                0x00001d90                _fopen_r
 .text.fopen    0x00001e10       0x14 c:/program files (x86)/gnu tools arm embedded/4.9 2015q3/bin/../lib/gcc/arm-none-eabi/4.9.3/../../../../arm-none-eabi/lib/armv7-m\libc_nano.a(lib_a-fopen.o)
                0x00001e10                fopen
 .text._fputc_r
                0x00001e24       0x48 c:/program files (x86)/gnu tools arm embedded/4.9 2015q3/bin/../lib/gcc/arm-none-eabi/4.9.3/../../../../arm-none-eabi/lib/armv7-m\libc_nano.a(lib_a-fputc.o)
                0x00001e24                _fputc_r
 .text.fputc    0x00001e6c       0x14 c:/program files (x86)/gnu tools arm embedded/4.9 2015q3/bin/../lib/gcc/arm-none-eabi/4.9.3/../../../../arm-none-eabi/lib/armv7-m\libc_nano.a(lib_a-fputc.o)
                0x00001e6c                fputc
 .text._fseek_r
                0x00001e80        0x4 c:/program files (x86)/gnu tools arm embedded/4.9 2015q3/bin/../lib/gcc/arm-none-eabi/4.9.3/../../../../arm-none-eabi/lib/armv7-m\libc_nano.a(lib_a-fseek.o)
                0x00001e80                _fseek_r
 .text._fseeko_r
                0x00001e84      0x118 c:/program files (x86)/gnu tools arm embedded/4.9 2015q3/bin/../lib/gcc/arm-none-eabi/4.9.3/../../../../arm-none-eabi/lib/armv7-m\libc_nano.a(lib_a-fseeko.o)
                0x00001e84                _fseeko_r
 .text._fwalk_reent
                0x00001f9c       0x3c c:/program files (x86)/gnu tools arm embedded/4.9 2015q3/bin/../lib/gcc/arm-none-eabi/4.9.3/../../../../arm-none-eabi/lib/armv7-m\libc_nano.a(lib_a-fwalk.o)
                0x00001f9c                _fwalk_reent
 .text.__libc_init_array
                0x00001fd8       0x4c c:/program files (x86)/gnu tools arm embedded/4.9 2015q3/bin/../lib/gcc/arm-none-eabi/4.9.3/../../../../arm-none-eabi/lib/armv7-m\libc_nano.a(lib_a-init.o)
                0x00001fd8                __libc_init_array
 .text.__smakebuf_r
                0x00002024       0x98 c:/program files (x86)/gnu tools arm embedded/4.9 2015q3/bin/../lib/gcc/arm-none-eabi/4.9.3/../../../../arm-none-eabi/lib/armv7-m\libc_nano.a(lib_a-makebuf.o)
                0x00002024                __smakebuf_r
 .text.malloc   0x000020bc       0x10 c:/program files (x86)/gnu tools arm embedded/4.9 2015q3/bin/../lib/gcc/arm-none-eabi/4.9.3/../../../../arm-none-eabi/lib/armv7-m\libc_nano.a(lib_a-malloc.o)
                0x000020bc                malloc
 .text.free     0x000020cc       0x10 c:/program files (x86)/gnu tools arm embedded/4.9 2015q3/bin/../lib/gcc/arm-none-eabi/4.9.3/../../../../arm-none-eabi/lib/armv7-m\libc_nano.a(lib_a-malloc.o)
                0x000020cc                free
 .text.memchr   0x000020dc       0x1c c:/program files (x86)/gnu tools arm embedded/4.9 2015q3/bin/../lib/gcc/arm-none-eabi/4.9.3/../../../../arm-none-eabi/lib/armv7-m\libc_nano.a(lib_a-memchr.o)
                0x000020dc                memchr
 .text.memcpy   0x000020f8       0x16 c:/program files (x86)/gnu tools arm embedded/4.9 2015q3/bin/../lib/gcc/arm-none-eabi/4.9.3/../../../../arm-none-eabi/lib/armv7-m\libc_nano.a(lib_a-memcpy.o)
                0x000020f8                memcpy
 .text.memset   0x0000210e       0x10 c:/program files (x86)/gnu tools arm embedded/4.9 2015q3/bin/../lib/gcc/arm-none-eabi/4.9.3/../../../../arm-none-eabi/lib/armv7-m\libc_nano.a(lib_a-memset.o)
                0x0000210e                memset
 *fill*         0x0000211e        0x2 
 .text._free_r  0x00002120       0x88 c:/program files (x86)/gnu tools arm embedded/4.9 2015q3/bin/../lib/gcc/arm-none-eabi/4.9.3/../../../../arm-none-eabi/lib/armv7-m\libc_nano.a(lib_a-nano-freer.o)
                0x00002120                _free_r
 .text._malloc_r
                0x000021a8       0xac c:/program files (x86)/gnu tools arm embedded/4.9 2015q3/bin/../lib/gcc/arm-none-eabi/4.9.3/../../../../arm-none-eabi/lib/armv7-m\libc_nano.a(lib_a-nano-mallocr.o)
                0x000021a8                _malloc_r
 .text.__sfputc_r
                0x00002254       0x2c c:/program files (x86)/gnu tools arm embedded/4.9 2015q3/bin/../lib/gcc/arm-none-eabi/4.9.3/../../../../arm-none-eabi/lib/armv7-m\libc_nano.a(lib_a-nano-vfprintf.o)
 .text.__sfputs_r
                0x00002280       0x24 c:/program files (x86)/gnu tools arm embedded/4.9 2015q3/bin/../lib/gcc/arm-none-eabi/4.9.3/../../../../arm-none-eabi/lib/armv7-m\libc_nano.a(lib_a-nano-vfprintf.o)
                0x00002280                __sfputs_r
 .text._vfprintf_r
                0x000022a4      0x210 c:/program files (x86)/gnu tools arm embedded/4.9 2015q3/bin/../lib/gcc/arm-none-eabi/4.9.3/../../../../arm-none-eabi/lib/armv7-m\libc_nano.a(lib_a-nano-vfprintf.o)
                0x000022a4                _vfprintf_r
                0x000022a4                _vfiprintf_r
 .text.vfprintf
                0x000024b4       0x1c c:/program files (x86)/gnu tools arm embedded/4.9 2015q3/bin/../lib/gcc/arm-none-eabi/4.9.3/../../../../arm-none-eabi/lib/armv7-m\libc_nano.a(lib_a-nano-vfprintf.o)
                0x000024b4                vfprintf
                0x000024b4                vfiprintf
 .text.__cvt    0x000024d0       0xbc c:/program files (x86)/gnu tools arm embedded/4.9 2015q3/bin/../lib/gcc/arm-none-eabi/4.9.3/../../../../arm-none-eabi/lib/armv7-m\libc_nano.a(lib_a-nano-vfprintf_float.o)
                0x000024d0                __cvt
 .text.__exponent
                0x0000258c       0x62 c:/program files (x86)/gnu tools arm embedded/4.9 2015q3/bin/../lib/gcc/arm-none-eabi/4.9.3/../../../../arm-none-eabi/lib/armv7-m\libc_nano.a(lib_a-nano-vfprintf_float.o)
                0x0000258c                __exponent
 *fill*         0x000025ee        0x2 
 .text._printf_float
                0x000025f0      0x48c c:/program files (x86)/gnu tools arm embedded/4.9 2015q3/bin/../lib/gcc/arm-none-eabi/4.9.3/../../../../arm-none-eabi/lib/armv7-m\libc_nano.a(lib_a-nano-vfprintf_float.o)
                0x000025f0                _printf_float
 .text._printf_common
                0x00002a7c       0xea c:/program files (x86)/gnu tools arm embedded/4.9 2015q3/bin/../lib/gcc/arm-none-eabi/4.9.3/../../../../arm-none-eabi/lib/armv7-m\libc_nano.a(lib_a-nano-vfprintf_i.o)
                0x00002a7c                _printf_common
 *fill*         0x00002b66        0x2 
 .text._printf_i
                0x00002b68      0x240 c:/program files (x86)/gnu tools arm embedded/4.9 2015q3/bin/../lib/gcc/arm-none-eabi/4.9.3/../../../../arm-none-eabi/lib/armv7-m\libc_nano.a(lib_a-nano-vfprintf_i.o)
                0x00002b68                _printf_i
 .text._scanf_float
                0x00002da8      0x3cc c:/program files (x86)/gnu tools arm embedded/4.9 2015q3/bin/../lib/gcc/arm-none-eabi/4.9.3/../../../../arm-none-eabi/lib/armv7-m\libc_nano.a(lib_a-nano-vfscanf_float.o)
                0x00002da8                _scanf_float
 .text._scanf_chars
                0x00003174       0xbc c:/program files (x86)/gnu tools arm embedded/4.9 2015q3/bin/../lib/gcc/arm-none-eabi/4.9.3/../../../../arm-none-eabi/lib/armv7-m\libc_nano.a(lib_a-nano-vfscanf_i.o)
                0x00003174                _scanf_chars
 .text._scanf_i
                0x00003230      0x1e4 c:/program files (x86)/gnu tools arm embedded/4.9 2015q3/bin/../lib/gcc/arm-none-eabi/4.9.3/../../../../arm-none-eabi/lib/armv7-m\libc_nano.a(lib_a-nano-vfscanf_i.o)
                0x00003230                _scanf_i
 .text._open_r  0x00003414       0x24 c:/program files (x86)/gnu tools arm embedded/4.9 2015q3/bin/../lib/gcc/arm-none-eabi/4.9.3/../../../../arm-none-eabi/lib/armv7-m\libc_nano.a(lib_a-openr.o)
                0x00003414                _open_r
 .text._putc_r  0x00003438       0x78 c:/program files (x86)/gnu tools arm embedded/4.9 2015q3/bin/../lib/gcc/arm-none-eabi/4.9.3/../../../../arm-none-eabi/lib/armv7-m\libc_nano.a(lib_a-putc.o)
                0x00003438                _putc_r
 .text.__fpclassifyd
                0x000034b0       0x50 c:/program files (x86)/gnu tools arm embedded/4.9 2015q3/bin/../lib/gcc/arm-none-eabi/4.9.3/../../../../arm-none-eabi/lib/armv7-m\libc_nano.a(lib_a-s_fpclassify.o)
                0x000034b0                __fpclassifyd
 .text._sbrk_r  0x00003500       0x20 c:/program files (x86)/gnu tools arm embedded/4.9 2015q3/bin/../lib/gcc/arm-none-eabi/4.9.3/../../../../arm-none-eabi/lib/armv7-m\libc_nano.a(lib_a-sbrkr.o)
                0x00003500                _sbrk_r
 .text.__sccl   0x00003520       0x62 c:/program files (x86)/gnu tools arm embedded/4.9 2015q3/bin/../lib/gcc/arm-none-eabi/4.9.3/../../../../arm-none-eabi/lib/armv7-m\libc_nano.a(lib_a-sccl.o)
                0x00003520                __sccl
 .text.setbuf   0x00003582       0x10 c:/program files (x86)/gnu tools arm embedded/4.9 2015q3/bin/../lib/gcc/arm-none-eabi/4.9.3/../../../../arm-none-eabi/lib/armv7-m\libc_nano.a(lib_a-setbuf.o)
                0x00003582                setbuf
 *fill*         0x00003592        0x2 
 .text.setvbuf  0x00003594      0x110 c:/program files (x86)/gnu tools arm embedded/4.9 2015q3/bin/../lib/gcc/arm-none-eabi/4.9.3/../../../../arm-none-eabi/lib/armv7-m\libc_nano.a(lib_a-setvbuf.o)
                0x00003594                setvbuf
 .text.nanf     0x000036a4        0x8 c:/program files (x86)/gnu tools arm embedded/4.9 2015q3/bin/../lib/gcc/arm-none-eabi/4.9.3/../../../../arm-none-eabi/lib/armv7-m\libc_nano.a(lib_a-sf_nan.o)
                0x000036a4                nanf
 .text.sprintf  0x000036ac       0x48 c:/program files (x86)/gnu tools arm embedded/4.9 2015q3/bin/../lib/gcc/arm-none-eabi/4.9.3/../../../../arm-none-eabi/lib/armv7-m\libc_nano.a(lib_a-sprintf.o)
                0x000036ac                siprintf
                0x000036ac                sprintf
 .text.sscanf   0x000036f4       0x54 c:/program files (x86)/gnu tools arm embedded/4.9 2015q3/bin/../lib/gcc/arm-none-eabi/4.9.3/../../../../arm-none-eabi/lib/armv7-m\libc_nano.a(lib_a-sscanf.o)
                0x000036f4                siscanf
                0x000036f4                sscanf
 .text.__sread  0x00003748       0x22 c:/program files (x86)/gnu tools arm embedded/4.9 2015q3/bin/../lib/gcc/arm-none-eabi/4.9.3/../../../../arm-none-eabi/lib/armv7-m\libc_nano.a(lib_a-stdio.o)
                0x00003748                __sread
 .text.__seofread
                0x0000376a        0x4 c:/program files (x86)/gnu tools arm embedded/4.9 2015q3/bin/../lib/gcc/arm-none-eabi/4.9.3/../../../../arm-none-eabi/lib/armv7-m\libc_nano.a(lib_a-stdio.o)
                0x0000376a                __seofread
 .text.__swrite
                0x0000376e       0x38 c:/program files (x86)/gnu tools arm embedded/4.9 2015q3/bin/../lib/gcc/arm-none-eabi/4.9.3/../../../../arm-none-eabi/lib/armv7-m\libc_nano.a(lib_a-stdio.o)
                0x0000376e                __swrite
 .text.__sseek  0x000037a6       0x24 c:/program files (x86)/gnu tools arm embedded/4.9 2015q3/bin/../lib/gcc/arm-none-eabi/4.9.3/../../../../arm-none-eabi/lib/armv7-m\libc_nano.a(lib_a-stdio.o)
                0x000037a6                __sseek
 .text.__sclose
                0x000037ca        0x8 c:/program files (x86)/gnu tools arm embedded/4.9 2015q3/bin/../lib/gcc/arm-none-eabi/4.9.3/../../../../arm-none-eabi/lib/armv7-m\libc_nano.a(lib_a-stdio.o)
                0x000037ca                __sclose
 .text          0x000037d2       0x14 c:/program files (x86)/gnu tools arm embedded/4.9 2015q3/bin/../lib/gcc/arm-none-eabi/4.9.3/../../../../arm-none-eabi/lib/armv7-m\libc_nano.a(lib_a-strcmp.o)
                0x000037d2                strcmp
 .text.strlen   0x000037e6       0x10 c:/program files (x86)/gnu tools arm embedded/4.9 2015q3/bin/../lib/gcc/arm-none-eabi/4.9.3/../../../../arm-none-eabi/lib/armv7-m\libc_nano.a(lib_a-strlen.o)
                0x000037e6                strlen
 .text.strncmp  0x000037f6       0x32 c:/program files (x86)/gnu tools arm embedded/4.9 2015q3/bin/../lib/gcc/arm-none-eabi/4.9.3/../../../../arm-none-eabi/lib/armv7-m\libc_nano.a(lib_a-strncmp.o)
                0x000037f6                strncmp
 .text.match    0x00003828       0x26 c:/program files (x86)/gnu tools arm embedded/4.9 2015q3/bin/../lib/gcc/arm-none-eabi/4.9.3/../../../../arm-none-eabi/lib/armv7-m\libc_nano.a(lib_a-strtod.o)
 .text.sulp     0x0000384e       0x42 c:/program files (x86)/gnu tools arm embedded/4.9 2015q3/bin/../lib/gcc/arm-none-eabi/4.9.3/../../../../arm-none-eabi/lib/armv7-m\libc_nano.a(lib_a-strtod.o)
 .text._strtod_r
                0x00003890      0xc3c c:/program files (x86)/gnu tools arm embedded/4.9 2015q3/bin/../lib/gcc/arm-none-eabi/4.9.3/../../../../arm-none-eabi/lib/armv7-m\libc_nano.a(lib_a-strtod.o)
                0x00003890                _strtod_r
 .text._strtol_r
                0x000044cc      0x10c c:/program files (x86)/gnu tools arm embedded/4.9 2015q3/bin/../lib/gcc/arm-none-eabi/4.9.3/../../../../arm-none-eabi/lib/armv7-m\libc_nano.a(lib_a-strtol.o)
                0x000044cc                _strtol_r
 .text._strtoul_r
                0x000045d8       0xf8 c:/program files (x86)/gnu tools arm embedded/4.9 2015q3/bin/../lib/gcc/arm-none-eabi/4.9.3/../../../../arm-none-eabi/lib/armv7-m\libc_nano.a(lib_a-strtoul.o)
                0x000045d8                _strtoul_r
 .text.__submore
                0x000046d0       0x72 c:/program files (x86)/gnu tools arm embedded/4.9 2015q3/bin/../lib/gcc/arm-none-eabi/4.9.3/../../../../arm-none-eabi/lib/armv7-m\libc_nano.a(lib_a-ungetc.o)
                0x000046d0                __submore
 *fill*         0x00004742        0x2 
 .text.__swbuf_r
                0x00004744       0xa8 c:/program files (x86)/gnu tools arm embedded/4.9 2015q3/bin/../lib/gcc/arm-none-eabi/4.9.3/../../../../arm-none-eabi/lib/armv7-m\libc_nano.a(lib_a-wbuf.o)
                0x00004744                __swbuf_r
 .text._write_r
                0x000047ec       0x24 c:/program files (x86)/gnu tools arm embedded/4.9 2015q3/bin/../lib/gcc/arm-none-eabi/4.9.3/../../../../arm-none-eabi/lib/armv7-m\libc_nano.a(lib_a-writer.o)
                0x000047ec                _write_r
 .text.__swsetup_r
                0x00004810       0xd8 c:/program files (x86)/gnu tools arm embedded/4.9 2015q3/bin/../lib/gcc/arm-none-eabi/4.9.3/../../../../arm-none-eabi/lib/armv7-m\libc_nano.a(lib_a-wsetup.o)
                0x00004810                __swsetup_r
 .text._close_r
                0x000048e8       0x20 c:/program files (x86)/gnu tools arm embedded/4.9 2015q3/bin/../lib/gcc/arm-none-eabi/4.9.3/../../../../arm-none-eabi/lib/armv7-m\libc_nano.a(lib_a-closer.o)
                0x000048e8                _close_r
 .text.quorem   0x00004908      0x114 c:/program files (x86)/gnu tools arm embedded/4.9 2015q3/bin/../lib/gcc/arm-none-eabi/4.9.3/../../../../arm-none-eabi/lib/armv7-m\libc_nano.a(lib_a-dtoa.o)
 *fill*         0x00004a1c        0x4 
 .text._dtoa_r  0x00004a20      0xb74 c:/program files (x86)/gnu tools arm embedded/4.9 2015q3/bin/../lib/gcc/arm-none-eabi/4.9.3/../../../../arm-none-eabi/lib/armv7-m\libc_nano.a(lib_a-dtoa.o)
                0x00004a20                _dtoa_r
 .text.__sflags
                0x00005594       0x6e c:/program files (x86)/gnu tools arm embedded/4.9 2015q3/bin/../lib/gcc/arm-none-eabi/4.9.3/../../../../arm-none-eabi/lib/armv7-m\libc_nano.a(lib_a-flags.o)
                0x00005594                __sflags
 *fill*         0x00005602        0x2 
 .text._fstat_r
                0x00005604       0x24 c:/program files (x86)/gnu tools arm embedded/4.9 2015q3/bin/../lib/gcc/arm-none-eabi/4.9.3/../../../../arm-none-eabi/lib/armv7-m\libc_nano.a(lib_a-fstatr.o)
                0x00005604                _fstat_r
 .text.rshift   0x00005628       0x6c c:/program files (x86)/gnu tools arm embedded/4.9 2015q3/bin/../lib/gcc/arm-none-eabi/4.9.3/../../../../arm-none-eabi/lib/armv7-m\libc_nano.a(lib_a-gdtoa-gethex.o)
 .text.__hexdig_fun
                0x00005694       0x2a c:/program files (x86)/gnu tools arm embedded/4.9 2015q3/bin/../lib/gcc/arm-none-eabi/4.9.3/../../../../arm-none-eabi/lib/armv7-m\libc_nano.a(lib_a-gdtoa-gethex.o)
                0x00005694                __hexdig_fun
 .text.__gethex
                0x000056be      0x44a c:/program files (x86)/gnu tools arm embedded/4.9 2015q3/bin/../lib/gcc/arm-none-eabi/4.9.3/../../../../arm-none-eabi/lib/armv7-m\libc_nano.a(lib_a-gdtoa-gethex.o)
                0x000056be                __gethex
 .text.L_shift  0x00005b08       0x24 c:/program files (x86)/gnu tools arm embedded/4.9 2015q3/bin/../lib/gcc/arm-none-eabi/4.9.3/../../../../arm-none-eabi/lib/armv7-m\libc_nano.a(lib_a-gdtoa-hexnan.o)
 .text.__hexnan
                0x00005b2c      0x114 c:/program files (x86)/gnu tools arm embedded/4.9 2015q3/bin/../lib/gcc/arm-none-eabi/4.9.3/../../../../arm-none-eabi/lib/armv7-m\libc_nano.a(lib_a-gdtoa-hexnan.o)
                0x00005b2c                __hexnan
 .text._isatty_r
                0x00005c40       0x20 c:/program files (x86)/gnu tools arm embedded/4.9 2015q3/bin/../lib/gcc/arm-none-eabi/4.9.3/../../../../arm-none-eabi/lib/armv7-m\libc_nano.a(lib_a-isattyr.o)
                0x00005c40                _isatty_r
 .text._localeconv_r
                0x00005c60        0x8 c:/program files (x86)/gnu tools arm embedded/4.9 2015q3/bin/../lib/gcc/arm-none-eabi/4.9.3/../../../../arm-none-eabi/lib/armv7-m\libc_nano.a(lib_a-locale.o)
                0x00005c60                _localeconv_r
 .text._lseek_r
                0x00005c68       0x24 c:/program files (x86)/gnu tools arm embedded/4.9 2015q3/bin/../lib/gcc/arm-none-eabi/4.9.3/../../../../arm-none-eabi/lib/armv7-m\libc_nano.a(lib_a-lseekr.o)
                0x00005c68                _lseek_r
 .text.memmove  0x00005c8c       0x36 c:/program files (x86)/gnu tools arm embedded/4.9 2015q3/bin/../lib/gcc/arm-none-eabi/4.9.3/../../../../arm-none-eabi/lib/armv7-m\libc_nano.a(lib_a-memmove.o)
                0x00005c8c                memmove
 .text._Balloc  0x00005cc2       0x6a c:/program files (x86)/gnu tools arm embedded/4.9 2015q3/bin/../lib/gcc/arm-none-eabi/4.9.3/../../../../arm-none-eabi/lib/armv7-m\libc_nano.a(lib_a-mprec.o)
                0x00005cc2                _Balloc
 .text._Bfree   0x00005d2c       0x2e c:/program files (x86)/gnu tools arm embedded/4.9 2015q3/bin/../lib/gcc/arm-none-eabi/4.9.3/../../../../arm-none-eabi/lib/armv7-m\libc_nano.a(lib_a-mprec.o)
                0x00005d2c                _Bfree
 .text.__multadd
                0x00005d5a       0x7c c:/program files (x86)/gnu tools arm embedded/4.9 2015q3/bin/../lib/gcc/arm-none-eabi/4.9.3/../../../../arm-none-eabi/lib/armv7-m\libc_nano.a(lib_a-mprec.o)
                0x00005d5a                __multadd
 .text.__s2b    0x00005dd6       0x80 c:/program files (x86)/gnu tools arm embedded/4.9 2015q3/bin/../lib/gcc/arm-none-eabi/4.9.3/../../../../arm-none-eabi/lib/armv7-m\libc_nano.a(lib_a-mprec.o)
                0x00005dd6                __s2b
 .text.__hi0bits
                0x00005e56       0x40 c:/program files (x86)/gnu tools arm embedded/4.9 2015q3/bin/../lib/gcc/arm-none-eabi/4.9.3/../../../../arm-none-eabi/lib/armv7-m\libc_nano.a(lib_a-mprec.o)
                0x00005e56                __hi0bits
 .text.__lo0bits
                0x00005e96       0x5a c:/program files (x86)/gnu tools arm embedded/4.9 2015q3/bin/../lib/gcc/arm-none-eabi/4.9.3/../../../../arm-none-eabi/lib/armv7-m\libc_nano.a(lib_a-mprec.o)
                0x00005e96                __lo0bits
 .text.__i2b    0x00005ef0       0x12 c:/program files (x86)/gnu tools arm embedded/4.9 2015q3/bin/../lib/gcc/arm-none-eabi/4.9.3/../../../../arm-none-eabi/lib/armv7-m\libc_nano.a(lib_a-mprec.o)
                0x00005ef0                __i2b
 .text.__multiply
                0x00005f02      0x120 c:/program files (x86)/gnu tools arm embedded/4.9 2015q3/bin/../lib/gcc/arm-none-eabi/4.9.3/../../../../arm-none-eabi/lib/armv7-m\libc_nano.a(lib_a-mprec.o)
                0x00005f02                __multiply
 *fill*         0x00006022        0x2 
 .text.__pow5mult
                0x00006024       0x9c c:/program files (x86)/gnu tools arm embedded/4.9 2015q3/bin/../lib/gcc/arm-none-eabi/4.9.3/../../../../arm-none-eabi/lib/armv7-m\libc_nano.a(lib_a-mprec.o)
                0x00006024                __pow5mult
 .text.__lshift
                0x000060c0       0xa6 c:/program files (x86)/gnu tools arm embedded/4.9 2015q3/bin/../lib/gcc/arm-none-eabi/4.9.3/../../../../arm-none-eabi/lib/armv7-m\libc_nano.a(lib_a-mprec.o)
                0x000060c0                __lshift
 .text.__mcmp   0x00006166       0x38 c:/program files (x86)/gnu tools arm embedded/4.9 2015q3/bin/../lib/gcc/arm-none-eabi/4.9.3/../../../../arm-none-eabi/lib/armv7-m\libc_nano.a(lib_a-mprec.o)
                0x00006166                __mcmp
 .text.__mdiff  0x0000619e       0xbe c:/program files (x86)/gnu tools arm embedded/4.9 2015q3/bin/../lib/gcc/arm-none-eabi/4.9.3/../../../../arm-none-eabi/lib/armv7-m\libc_nano.a(lib_a-mprec.o)
                0x0000619e                __mdiff
 .text.__ulp    0x0000625c       0x48 c:/program files (x86)/gnu tools arm embedded/4.9 2015q3/bin/../lib/gcc/arm-none-eabi/4.9.3/../../../../arm-none-eabi/lib/armv7-m\libc_nano.a(lib_a-mprec.o)
                0x0000625c                __ulp
 .text.__b2d    0x000062a4       0x9e c:/program files (x86)/gnu tools arm embedded/4.9 2015q3/bin/../lib/gcc/arm-none-eabi/4.9.3/../../../../arm-none-eabi/lib/armv7-m\libc_nano.a(lib_a-mprec.o)
                0x000062a4                __b2d
 .text.__d2b    0x00006342       0xa4 c:/program files (x86)/gnu tools arm embedded/4.9 2015q3/bin/../lib/gcc/arm-none-eabi/4.9.3/../../../../arm-none-eabi/lib/armv7-m\libc_nano.a(lib_a-mprec.o)
                0x00006342                __d2b
 .text.__ratio  0x000063e6       0x50 c:/program files (x86)/gnu tools arm embedded/4.9 2015q3/bin/../lib/gcc/arm-none-eabi/4.9.3/../../../../arm-none-eabi/lib/armv7-m\libc_nano.a(lib_a-mprec.o)
                0x000063e6                __ratio
 .text.__copybits
                0x00006436       0x34 c:/program files (x86)/gnu tools arm embedded/4.9 2015q3/bin/../lib/gcc/arm-none-eabi/4.9.3/../../../../arm-none-eabi/lib/armv7-m\libc_nano.a(lib_a-mprec.o)
                0x00006436                __copybits
 .text.__any_on
                0x0000646a       0x44 c:/program files (x86)/gnu tools arm embedded/4.9 2015q3/bin/../lib/gcc/arm-none-eabi/4.9.3/../../../../arm-none-eabi/lib/armv7-m\libc_nano.a(lib_a-mprec.o)
                0x0000646a                __any_on
 .text._calloc_r
                0x000064ae       0x1c c:/program files (x86)/gnu tools arm embedded/4.9 2015q3/bin/../lib/gcc/arm-none-eabi/4.9.3/../../../../arm-none-eabi/lib/armv7-m\libc_nano.a(lib_a-nano-callocr.o)
                0x000064ae                _calloc_r
 .text._realloc_r
                0x000064ca       0x4c c:/program files (x86)/gnu tools arm embedded/4.9 2015q3/bin/../lib/gcc/arm-none-eabi/4.9.3/../../../../arm-none-eabi/lib/armv7-m\libc_nano.a(lib_a-nano-reallocr.o)
                0x000064ca                _realloc_r
 .text.__ssputs_r
                0x00006516       0xb2 c:/program files (x86)/gnu tools arm embedded/4.9 2015q3/bin/../lib/gcc/arm-none-eabi/4.9.3/../../../../arm-none-eabi/lib/armv7-m\libc_nano.a(lib_a-nano-svfprintf.o)
                0x00006516                __ssputs_r
 .text._svfprintf_r
                0x000065c8      0x1e4 c:/program files (x86)/gnu tools arm embedded/4.9 2015q3/bin/../lib/gcc/arm-none-eabi/4.9.3/../../../../arm-none-eabi/lib/armv7-m\libc_nano.a(lib_a-nano-svfprintf.o)
                0x000065c8                _svfiprintf_r
                0x000065c8                _svfprintf_r
 .text._sungetc_r
                0x000067ac       0x7a c:/program files (x86)/gnu tools arm embedded/4.9 2015q3/bin/../lib/gcc/arm-none-eabi/4.9.3/../../../../arm-none-eabi/lib/armv7-m\libc_nano.a(lib_a-nano-svfscanf.o)
                0x000067ac                _sungetc_r
 .text.__ssrefill_r
                0x00006826       0x3a c:/program files (x86)/gnu tools arm embedded/4.9 2015q3/bin/../lib/gcc/arm-none-eabi/4.9.3/../../../../arm-none-eabi/lib/armv7-m\libc_nano.a(lib_a-nano-svfscanf.o)
                0x00006826                __ssrefill_r
 .text.__ssvfscanf_r
                0x00006860      0x29c c:/program files (x86)/gnu tools arm embedded/4.9 2015q3/bin/../lib/gcc/arm-none-eabi/4.9.3/../../../../arm-none-eabi/lib/armv7-m\libc_nano.a(lib_a-nano-svfscanf.o)
                0x00006860                __ssvfiscanf_r
                0x00006860                __ssvfscanf_r
 .text._read_r  0x00006afc       0x24 c:/program files (x86)/gnu tools arm embedded/4.9 2015q3/bin/../lib/gcc/arm-none-eabi/4.9.3/../../../../arm-none-eabi/lib/armv7-m\libc_nano.a(lib_a-readr.o)
                0x00006afc                _read_r
 .text._malloc_usable_size_r
                0x00006b20       0x14 c:/program files (x86)/gnu tools arm embedded/4.9 2015q3/bin/../lib/gcc/arm-none-eabi/4.9.3/../../../../arm-none-eabi/lib/armv7-m\libc_nano.a(lib_a-nano-msizer.o)
                0x00006b20                _malloc_usable_size_r
 .text          0x00006b34      0x370 c:/program files (x86)/gnu tools arm embedded/4.9 2015q3/bin/../lib/gcc/arm-none-eabi/4.9.3/armv7-m\libgcc.a(_arm_addsubdf3.o)
                0x00006b34                __aeabi_drsub
                0x00006b3c                __aeabi_dsub
                0x00006b3c                __subdf3
                0x00006b40                __aeabi_dadd
                0x00006b40                __adddf3
                0x00006db8                __floatunsidf
                0x00006db8                __aeabi_ui2d
                0x00006dd8                __floatsidf
                0x00006dd8                __aeabi_i2d
                0x00006dfc                __aeabi_f2d
                0x00006dfc                __extendsfdf2
                0x00006e38                __floatundidf
                0x00006e38                __aeabi_ul2d
                0x00006e48                __floatdidf
                0x00006e48                __aeabi_l2d
 .text          0x00006ea4      0x424 c:/program files (x86)/gnu tools arm embedded/4.9 2015q3/bin/../lib/gcc/arm-none-eabi/4.9.3/armv7-m\libgcc.a(_arm_muldivdf3.o)
                0x00006ea4                __aeabi_dmul
                0x00006ea4                __muldf3
                0x000070f8                __divdf3
                0x000070f8                __aeabi_ddiv
 .text          0x000072c8      0x110 c:/program files (x86)/gnu tools arm embedded/4.9 2015q3/bin/../lib/gcc/arm-none-eabi/4.9.3/armv7-m\libgcc.a(_arm_cmpdf2.o)
                0x000072c8                __gtdf2
                0x000072c8                __gedf2
                0x000072d0                __ltdf2
                0x000072d0                __ledf2
                0x000072d8                __nedf2
                0x000072d8                __eqdf2
                0x000072d8                __cmpdf2
                0x00007354                __aeabi_cdrcmple
                0x00007364                __aeabi_cdcmpeq
                0x00007364                __aeabi_cdcmple
                0x00007374                __aeabi_dcmpeq
                0x00007388                __aeabi_dcmplt
                0x0000739c                __aeabi_dcmple
                0x000073b0                __aeabi_dcmpge
                0x000073c4                __aeabi_dcmpgt
 .text          0x000073d8       0x50 c:/program files (x86)/gnu tools arm embedded/4.9 2015q3/bin/../lib/gcc/arm-none-eabi/4.9.3/armv7-m\libgcc.a(_arm_fixdfsi.o)
                0x000073d8                __aeabi_d2iz
                0x000073d8                __fixdfsi
 .text          0x00007428       0x40 c:/program files (x86)/gnu tools arm embedded/4.9 2015q3/bin/../lib/gcc/arm-none-eabi/4.9.3/armv7-m\libgcc.a(_arm_fixunsdfsi.o)
                0x00007428                __aeabi_d2uiz
                0x00007428                __fixunsdfsi
 .text          0x00007468       0xa0 c:/program files (x86)/gnu tools arm embedded/4.9 2015q3/bin/../lib/gcc/arm-none-eabi/4.9.3/armv7-m\libgcc.a(_arm_truncdfsf2.o)
                0x00007468                __truncdfsf2
                0x00007468                __aeabi_d2f
 *(.init)
 .init          0x00007508        0x4 c:/program files (x86)/gnu tools arm embedded/4.9 2015q3/bin/../lib/gcc/arm-none-eabi/4.9.3/armv7-m/crti.o
                0x00007508                _init
 .init          0x0000750c        0x8 c:/program files (x86)/gnu tools arm embedded/4.9 2015q3/bin/../lib/gcc/arm-none-eabi/4.9.3/armv7-m/crtn.o
 *(.fini)
 .fini          0x00007514        0x4 c:/program files (x86)/gnu tools arm embedded/4.9 2015q3/bin/../lib/gcc/arm-none-eabi/4.9.3/armv7-m/crti.o
                0x00007514                _fini
 .fini          0x00007518        0x8 c:/program files (x86)/gnu tools arm embedded/4.9 2015q3/bin/../lib/gcc/arm-none-eabi/4.9.3/armv7-m/crtn.o
 *crtbegin.o(.ctors)
 *crtbegin?.o(.ctors)
 *(EXCLUDE_FILE(*crtend.o *crtend?.o) .ctors)
 *(SORT(.ctors.*))
 *(.ctors)
 *crtbegin.o(.dtors)
 *crtbegin?.o(.dtors)
 *(EXCLUDE_FILE(*crtend.o *crtend?.o) .dtors)
 *(SORT(.dtors.*))
 *(.dtors)
 *(.rodata*)
 .rodata        0x00007520        0xc main.o
 .rodata.str1.4
                0x0000752c       0x80 mbed/TARGET_LPC1768/TOOLCHAIN_GCC_ARM/board.o
 .rodata.__stdin_name
                0x000075ac        0x7 mbed/TARGET_LPC1768/TOOLCHAIN_GCC_ARM/retarget.o
                0x000075ac                __stdin_name
 *fill*         0x000075b3        0x1 
 .rodata.__stderr_name
                0x000075b4        0x8 mbed/TARGET_LPC1768/TOOLCHAIN_GCC_ARM/retarget.o
                0x000075b4                __stderr_name
 .rodata.__stdout_name
                0x000075bc        0x8 mbed/TARGET_LPC1768/TOOLCHAIN_GCC_ARM/retarget.o
                0x000075bc                __stdout_name
 *fill*         0x000075c4        0x4 
 .rodata._ZTVN4mbed10FileHandleE
                0x000075c8       0x2c mbed/TARGET_LPC1768/TOOLCHAIN_GCC_ARM/retarget.o
                0x000075c8                vtable for mbed::FileHandle
 .rodata.str1.4
                0x000075f4        0xe mbed/TARGET_LPC1768/TOOLCHAIN_GCC_ARM/retarget.o
 *fill*         0x00007602        0x2 
 .rodata.PinMap_UART_RTS
                0x00007604       0x24 ./mbed/TARGET_LPC1768/TOOLCHAIN_GCC_ARM\libmbed.a(serial_api.o)
 .rodata.CSWTCH.24
                0x00007628       0x10 ./mbed/TARGET_LPC1768/TOOLCHAIN_GCC_ARM\libmbed.a(serial_api.o)
 .rodata.PinMap_UART_RX
                0x00007638       0x6c ./mbed/TARGET_LPC1768/TOOLCHAIN_GCC_ARM\libmbed.a(serial_api.o)
 .rodata.str1.4
                0x000076a4      0x164 ./mbed/TARGET_LPC1768/TOOLCHAIN_GCC_ARM\libmbed.a(serial_api.o)
 .rodata.PinMap_UART_TX
                0x00007808       0x6c ./mbed/TARGET_LPC1768/TOOLCHAIN_GCC_ARM\libmbed.a(serial_api.o)
 .rodata.PinMap_UART_CTS
                0x00007874       0x24 ./mbed/TARGET_LPC1768/TOOLCHAIN_GCC_ARM\libmbed.a(serial_api.o)
 .rodata._ZTVN4mbed6SerialE
                0x00007898       0x5c ./mbed/TARGET_LPC1768/TOOLCHAIN_GCC_ARM\libmbed.a(Serial.o)
                0x00007898                vtable for mbed::Serial
 *fill*         0x000078f4        0x4 
 .rodata._ZTVN4mbed10SerialBaseE
                0x000078f8       0x10 ./mbed/TARGET_LPC1768/TOOLCHAIN_GCC_ARM\libmbed.a(SerialBase.o)
                0x000078f8                vtable for mbed::SerialBase
 .rodata._ZTVN4mbed6StreamE
                0x00007908       0x44 ./mbed/TARGET_LPC1768/TOOLCHAIN_GCC_ARM\libmbed.a(Stream.o)
                0x00007908                vtable for mbed::Stream
 .rodata.str1.4
                0x0000794c        0x3 ./mbed/TARGET_LPC1768/TOOLCHAIN_GCC_ARM\libmbed.a(Stream.o)
                                  0x7 (size before relaxing)
 *fill*         0x0000794f        0x1 
 .rodata.str1.4
                0x00007950       0x31 ./mbed/TARGET_LPC1768/TOOLCHAIN_GCC_ARM\libmbed.a(assert.o)
 .rodata.str1.4
                0x00000000       0x80 ./mbed/TARGET_LPC1768/TOOLCHAIN_GCC_ARM\libmbed.a(gpio.o)
 *fill*         0x00007981        0x3 
 .rodata.str1.4
                0x00007984       0x66 ./mbed/TARGET_LPC1768/TOOLCHAIN_GCC_ARM\libmbed.a(pinmap_common.o)
 *fill*         0x000079ea        0x2 
 .rodata.str1.4
                0x000079ec       0x7a ./mbed/TARGET_LPC1768/TOOLCHAIN_GCC_ARM\libmbed.a(gpio_api.o)
                                 0x94 (size before relaxing)
 *fill*         0x00007a66        0x2 
 .rodata.str1.4
                0x00007a68       0x64 ./mbed/TARGET_LPC1768/TOOLCHAIN_GCC_ARM\libmbed.a(pinmap.o)
                                 0x78 (size before relaxing)
 *fill*         0x00007acc        0x4 
 .rodata._ZTVN4mbed8FileLikeE
                0x00007ad0       0x3c ./mbed/TARGET_LPC1768/TOOLCHAIN_GCC_ARM\libmbed.a(FileLike.o)
                0x00007ad0                vtable for mbed::FileLike
 *fill*         0x00007b0c        0x4 
 .rodata._ZTVN4mbed8FileBaseE
                0x00007b10       0x10 ./mbed/TARGET_LPC1768/TOOLCHAIN_GCC_ARM\libmbed.a(FileBase.o)
                0x00007b10                vtable for mbed::FileBase
 .rodata.us_interface
                0x00007b20       0x14 ./mbed/TARGET_LPC1768/TOOLCHAIN_GCC_ARM\libmbed.a(us_ticker_api.o)
 .rodata.us_data
                0x00007b34        0x8 ./mbed/TARGET_LPC1768/TOOLCHAIN_GCC_ARM\libmbed.a(us_ticker_api.o)
 .rodata.__sf_fake_stdin
                0x00007b3c       0x20 c:/program files (x86)/gnu tools arm embedded/4.9 2015q3/bin/../lib/gcc/arm-none-eabi/4.9.3/../../../../arm-none-eabi/lib/armv7-m\libc_nano.a(lib_a-findfp.o)
                0x00007b3c                __sf_fake_stdin
 .rodata.__sf_fake_stdout
                0x00007b5c       0x20 c:/program files (x86)/gnu tools arm embedded/4.9 2015q3/bin/../lib/gcc/arm-none-eabi/4.9.3/../../../../arm-none-eabi/lib/armv7-m\libc_nano.a(lib_a-findfp.o)
                0x00007b5c                __sf_fake_stdout
 .rodata.__sf_fake_stderr
                0x00007b7c       0x20 c:/program files (x86)/gnu tools arm embedded/4.9 2015q3/bin/../lib/gcc/arm-none-eabi/4.9.3/../../../../arm-none-eabi/lib/armv7-m\libc_nano.a(lib_a-findfp.o)
                0x00007b7c                __sf_fake_stderr
 .rodata.str1.1
                0x00007b9c        0x2 c:/program files (x86)/gnu tools arm embedded/4.9 2015q3/bin/../lib/gcc/arm-none-eabi/4.9.3/../../../../arm-none-eabi/lib/armv7-m\libc_nano.a(lib_a-impure.o)
 *fill*         0x00007b9e        0x2 
 .rodata._global_impure_ptr
                0x00007ba0        0x4 c:/program files (x86)/gnu tools arm embedded/4.9 2015q3/bin/../lib/gcc/arm-none-eabi/4.9.3/../../../../arm-none-eabi/lib/armv7-m\libc_nano.a(lib_a-impure.o)
                0x00007ba0                _global_impure_ptr
 .rodata.str1.1
                0x00007ba4       0x11 c:/program files (x86)/gnu tools arm embedded/4.9 2015q3/bin/../lib/gcc/arm-none-eabi/4.9.3/../../../../arm-none-eabi/lib/armv7-m\libc_nano.a(lib_a-nano-vfprintf.o)
 .rodata.str1.1
                0x00007bb5       0x10 c:/program files (x86)/gnu tools arm embedded/4.9 2015q3/bin/../lib/gcc/arm-none-eabi/4.9.3/../../../../arm-none-eabi/lib/armv7-m\libc_nano.a(lib_a-nano-vfprintf_float.o)
                                 0x12 (size before relaxing)
 .rodata.str1.1
                0x00007bc5       0x22 c:/program files (x86)/gnu tools arm embedded/4.9 2015q3/bin/../lib/gcc/arm-none-eabi/4.9.3/../../../../arm-none-eabi/lib/armv7-m\libc_nano.a(lib_a-nano-vfprintf_i.o)
 .rodata.str1.1
                0x00007be7        0x5 c:/program files (x86)/gnu tools arm embedded/4.9 2015q3/bin/../lib/gcc/arm-none-eabi/4.9.3/../../../../arm-none-eabi/lib/armv7-m\libc_nano.a(lib_a-nano-vfscanf_float.o)
 .rodata        0x00007bec        0xc c:/program files (x86)/gnu tools arm embedded/4.9 2015q3/bin/../lib/gcc/arm-none-eabi/4.9.3/../../../../arm-none-eabi/lib/armv7-m\libc_nano.a(lib_a-nano-vfscanf_i.o)
 .rodata.str1.1
                0x00007bf8       0x1b c:/program files (x86)/gnu tools arm embedded/4.9 2015q3/bin/../lib/gcc/arm-none-eabi/4.9.3/../../../../arm-none-eabi/lib/armv7-m\libc_nano.a(lib_a-nano-vfscanf_i.o)
 .rodata.str1.1
                0x00000000       0x1b c:/program files (x86)/gnu tools arm embedded/4.9 2015q3/bin/../lib/gcc/arm-none-eabi/4.9.3/../../../../arm-none-eabi/lib/armv7-m\libc_nano.a(lib_a-strtod.o)
                                  0xc (size before relaxing)
 *fill*         0x00007c13        0x1 
 .rodata.fpinan.5315
                0x00007c14       0x14 c:/program files (x86)/gnu tools arm embedded/4.9 2015q3/bin/../lib/gcc/arm-none-eabi/4.9.3/../../../../arm-none-eabi/lib/armv7-m\libc_nano.a(lib_a-strtod.o)
 .rodata.tinytens
                0x00007c28       0x28 c:/program files (x86)/gnu tools arm embedded/4.9 2015q3/bin/../lib/gcc/arm-none-eabi/4.9.3/../../../../arm-none-eabi/lib/armv7-m\libc_nano.a(lib_a-strtod.o)
 .rodata.fpi.5279
                0x00007c50       0x14 c:/program files (x86)/gnu tools arm embedded/4.9 2015q3/bin/../lib/gcc/arm-none-eabi/4.9.3/../../../../arm-none-eabi/lib/armv7-m\libc_nano.a(lib_a-strtod.o)
 .rodata._ctype_
                0x00007c64      0x101 c:/program files (x86)/gnu tools arm embedded/4.9 2015q3/bin/../lib/gcc/arm-none-eabi/4.9.3/../../../../arm-none-eabi/lib/armv7-m\libc_nano.a(lib_a-ctype_.o)
                0x00007c64                _ctype_
 .rodata.str1.1
                0x00007d65        0xd c:/program files (x86)/gnu tools arm embedded/4.9 2015q3/bin/../lib/gcc/arm-none-eabi/4.9.3/../../../../arm-none-eabi/lib/armv7-m\libc_nano.a(lib_a-dtoa.o)
                                  0xf (size before relaxing)
 .rodata.str1.1
                0x00007d72        0x8 c:/program files (x86)/gnu tools arm embedded/4.9 2015q3/bin/../lib/gcc/arm-none-eabi/4.9.3/../../../../arm-none-eabi/lib/armv7-m\libc_nano.a(lib_a-locale.o)
                                  0xb (size before relaxing)
 *fill*         0x00007d7a        0x6 
 .rodata.__mprec_tens
                0x00007d80       0xc8 c:/program files (x86)/gnu tools arm embedded/4.9 2015q3/bin/../lib/gcc/arm-none-eabi/4.9.3/../../../../arm-none-eabi/lib/armv7-m\libc_nano.a(lib_a-mprec.o)
                0x00007d80                __mprec_tens
 .rodata.__mprec_bigtens
                0x00007e48       0x28 c:/program files (x86)/gnu tools arm embedded/4.9 2015q3/bin/../lib/gcc/arm-none-eabi/4.9.3/../../../../arm-none-eabi/lib/armv7-m\libc_nano.a(lib_a-mprec.o)
                0x00007e48                __mprec_bigtens
 .rodata.p05.5314
                0x00007e70        0xc c:/program files (x86)/gnu tools arm embedded/4.9 2015q3/bin/../lib/gcc/arm-none-eabi/4.9.3/../../../../arm-none-eabi/lib/armv7-m\libc_nano.a(lib_a-mprec.o)
 .rodata.str1.1
                0x00000000       0x11 c:/program files (x86)/gnu tools arm embedded/4.9 2015q3/bin/../lib/gcc/arm-none-eabi/4.9.3/../../../../arm-none-eabi/lib/armv7-m\libc_nano.a(lib_a-nano-svfprintf.o)
 .rodata.str1.1
                0x00000000        0x4 c:/program files (x86)/gnu tools arm embedded/4.9 2015q3/bin/../lib/gcc/arm-none-eabi/4.9.3/../../../../arm-none-eabi/lib/armv7-m\libc_nano.a(lib_a-nano-svfscanf.o)
 *(.eh_frame*)
 .eh_frame      0x00007e7c        0x0 c:/program files (x86)/gnu tools arm embedded/4.9 2015q3/bin/../lib/gcc/arm-none-eabi/4.9.3/armv7-m/crtbegin.o
 .eh_frame      0x00007e7c       0x28 c:/program files (x86)/gnu tools arm embedded/4.9 2015q3/bin/../lib/gcc/arm-none-eabi/4.9.3/../../../../arm-none-eabi/lib/armv7-m\libc_nano.a(lib_a-strcmp.o)
 .eh_frame      0x00007ea4        0x4 c:/program files (x86)/gnu tools arm embedded/4.9 2015q3/bin/../lib/gcc/arm-none-eabi/4.9.3/armv7-m/crtend.o

.glue_7         0x00007ea8        0x0
 .glue_7        0x00000000        0x0 linker stubs

.glue_7t        0x00007ea8        0x0
 .glue_7t       0x00000000        0x0 linker stubs

.vfp11_veneer   0x00007ea8        0x0
 .vfp11_veneer  0x00000000        0x0 linker stubs

.v4_bx          0x00007ea8        0x0
 .v4_bx         0x00000000        0x0 linker stubs

.iplt           0x00007ea8        0x0
 .iplt          0x00000000        0x0 c:/program files (x86)/gnu tools arm embedded/4.9 2015q3/bin/../lib/gcc/arm-none-eabi/4.9.3/armv7-m/crtbegin.o

.ARM.extab
 *(.ARM.extab* .gnu.linkonce.armextab.*)
                0x00007ea8                __exidx_start = .

.ARM.exidx      0x00007ea8        0x8
 *(.ARM.exidx* .gnu.linkonce.armexidx.*)
 .ARM.exidx     0x00007ea8        0x8 c:/program files (x86)/gnu tools arm embedded/4.9 2015q3/bin/../lib/gcc/arm-none-eabi/4.9.3/../../../../arm-none-eabi/lib/armv7-m/crt0.o
                0x00007eb0                __exidx_end = .
                0x00007eb0                __etext = .

.rel.dyn        0x00007eb0        0x0
 .rel.iplt      0x00000000        0x0 c:/program files (x86)/gnu tools arm embedded/4.9 2015q3/bin/../lib/gcc/arm-none-eabi/4.9.3/armv7-m/crtbegin.o

.data           0x100000c8       0xb8 load address 0x00007eb0
                0x100000c8                __data_start__ = .
                0x100000c8                Image$$RW_IRAM1$$Base = .
 *(vtable)
 *(.data*)
 .data          0x100000c8        0x4 c:/program files (x86)/gnu tools arm embedded/4.9 2015q3/bin/../lib/gcc/arm-none-eabi/4.9.3/armv7-m/crtbegin.o
                0x100000c8                __dso_handle
 .data._ZZ5_sbrkE4heap
                0x100000cc        0x4 mbed/TARGET_LPC1768/TOOLCHAIN_GCC_ARM/retarget.o
 .data.SystemCoreClock
                0x100000d0        0x4 mbed/TARGET_LPC1768/TOOLCHAIN_GCC_ARM/system_LPC17xx.o
                0x100000d0                SystemCoreClock
 .data.impure_data
                0x100000d4       0x60 c:/program files (x86)/gnu tools arm embedded/4.9 2015q3/bin/../lib/gcc/arm-none-eabi/4.9.3/../../../../arm-none-eabi/lib/armv7-m\libc_nano.a(lib_a-impure.o)
 .data._impure_ptr
                0x10000134        0x4 c:/program files (x86)/gnu tools arm embedded/4.9 2015q3/bin/../lib/gcc/arm-none-eabi/4.9.3/../../../../arm-none-eabi/lib/armv7-m\libc_nano.a(lib_a-impure.o)
                0x10000134                _impure_ptr
 .data.__ctype_ptr__
                0x10000138        0x4 c:/program files (x86)/gnu tools arm embedded/4.9 2015q3/bin/../lib/gcc/arm-none-eabi/4.9.3/../../../../arm-none-eabi/lib/armv7-m\libc_nano.a(lib_a-ctype_.o)
                0x10000138                __ctype_ptr__
 .data.lconv    0x1000013c       0x38 c:/program files (x86)/gnu tools arm embedded/4.9 2015q3/bin/../lib/gcc/arm-none-eabi/4.9.3/../../../../arm-none-eabi/lib/armv7-m\libc_nano.a(lib_a-locale.o)
                0x10000174                . = ALIGN (0x4)
                0x10000174                PROVIDE (__preinit_array_start, .)
 *(.preinit_array)
                0x10000174                PROVIDE (__preinit_array_end, .)
                0x10000174                . = ALIGN (0x4)
                0x10000174                PROVIDE (__init_array_start, .)
 *(SORT(.init_array.*))
 *(.init_array)
 .init_array    0x10000174        0x4 c:/program files (x86)/gnu tools arm embedded/4.9 2015q3/bin/../lib/gcc/arm-none-eabi/4.9.3/armv7-m/crtbegin.o
 .init_array    0x10000178        0x4 main.o
                0x1000017c                PROVIDE (__init_array_end, .)
                0x1000017c                . = ALIGN (0x4)
                0x1000017c                PROVIDE (__fini_array_start, .)
 *(SORT(.fini_array.*))
 *(.fini_array)
 .fini_array    0x1000017c        0x4 c:/program files (x86)/gnu tools arm embedded/4.9 2015q3/bin/../lib/gcc/arm-none-eabi/4.9.3/armv7-m/crtbegin.o
                0x10000180                PROVIDE (__fini_array_end, .)
                0x10000180                . = ALIGN (0x4)
                0x10000180                __data_end__ = .

.jcr            0x10000180        0x0 load address 0x00007f68
 .jcr           0x10000180        0x0 c:/program files (x86)/gnu tools arm embedded/4.9 2015q3/bin/../lib/gcc/arm-none-eabi/4.9.3/armv7-m/crtbegin.o

.igot.plt       0x10000180        0x0 load address 0x00007f68
 .igot.plt      0x00000000        0x0 c:/program files (x86)/gnu tools arm embedded/4.9 2015q3/bin/../lib/gcc/arm-none-eabi/4.9.3/armv7-m/crtbegin.o

.bss            0x10000180      0x2ac load address 0x00007f68
                0x10000180                __bss_start__ = .
 *(.bss*)
 .bss           0x10000180       0x1c c:/program files (x86)/gnu tools arm embedded/4.9 2015q3/bin/../lib/gcc/arm-none-eabi/4.9.3/armv7-m/crtbegin.o
 .bss.myled     0x1000019c       0x18 main.o
                0x1000019c                myled
 .bss.serial    0x100001b4       0x6c main.o
                0x100001b4                serial
 .bss._ZL11filehandles
                0x10000220      0x100 mbed/TARGET_LPC1768/TOOLCHAIN_GCC_ARM/retarget.o
 .bss.stdio_uart_inited
                0x10000320        0x4 ./mbed/TARGET_LPC1768/TOOLCHAIN_GCC_ARM\libmbed.a(serial_api.o)
                0x10000320                stdio_uart_inited
 .bss.irq_handler
                0x10000324        0x4 ./mbed/TARGET_LPC1768/TOOLCHAIN_GCC_ARM\libmbed.a(serial_api.o)
 .bss.uart_data
                0x10000328       0xe0 ./mbed/TARGET_LPC1768/TOOLCHAIN_GCC_ARM\libmbed.a(serial_api.o)
 .bss.us_ticker_inited
                0x10000408        0x4 ./mbed/TARGET_LPC1768/TOOLCHAIN_GCC_ARM\libmbed.a(us_ticker.o)
                0x10000408                us_ticker_inited
 .bss._ZN4mbed8FileBase5_headE
                0x1000040c        0x4 ./mbed/TARGET_LPC1768/TOOLCHAIN_GCC_ARM\libmbed.a(FileBase.o)
                0x1000040c                mbed::FileBase::_head
 .bss.events    0x10000410        0x8 ./mbed/TARGET_LPC1768/TOOLCHAIN_GCC_ARM\libmbed.a(us_ticker_api.o)
 .bss.__malloc_sbrk_start
                0x10000418        0x4 c:/program files (x86)/gnu tools arm embedded/4.9 2015q3/bin/../lib/gcc/arm-none-eabi/4.9.3/../../../../arm-none-eabi/lib/armv7-m\libc_nano.a(lib_a-nano-mallocr.o)
                0x10000418                __malloc_sbrk_start
 .bss.__malloc_free_list
                0x1000041c        0x4 c:/program files (x86)/gnu tools arm embedded/4.9 2015q3/bin/../lib/gcc/arm-none-eabi/4.9.3/../../../../arm-none-eabi/lib/armv7-m\libc_nano.a(lib_a-nano-mallocr.o)
                0x1000041c                __malloc_free_list
 *(COMMON)
 COMMON         0x10000420        0x8 ./mbed/TARGET_LPC1768/TOOLCHAIN_GCC_ARM\libmbed.a(serial_api.o)
                0x10000420                stdio_uart
 COMMON         0x10000428        0x4 c:/program files (x86)/gnu tools arm embedded/4.9 2015q3/bin/../lib/gcc/arm-none-eabi/4.9.3/../../../../arm-none-eabi/lib/armv7-m\libc_nano.a(lib_a-reent.o)
                0x10000428                errno
                0x1000042c                __bss_end__ = .
                0x1000042c                Image$$RW_IRAM1$$ZI$$Limit = .

.heap           0x10000430      0x800
                0x10000430                __end__ = .
                0x10000430                end = __end__
 *(.heap*)
 .heap          0x10000430      0x800 mbed/TARGET_LPC1768/TOOLCHAIN_GCC_ARM/startup_LPC17xx.o
                0x10000430                __HeapBase
                0x10000c30                __HeapLimit = .

.stack_dummy    0x10000430      0xc00
 *(.stack)
 .stack         0x10000430      0xc00 mbed/TARGET_LPC1768/TOOLCHAIN_GCC_ARM/startup_LPC17xx.o
                0x10008000                __StackTop = (ORIGIN (RAM) + 0x7f38)
                0x10007400                __StackLimit = (__StackTop - SIZEOF (.stack_dummy))
                0x10008000                PROVIDE (__stack, __StackTop)
                0x00000001                ASSERT ((__StackLimit >= __HeapLimit), region RAM overflowed with stack)

.AHBSRAM0       0x2007c000        0x0
                0x2007c000                Image$$RW_IRAM2$$Base = .
 *(AHBSRAM0)
                0x2007c000                Image$$RW_IRAM2$$ZI$$Limit = .

.AHBSRAM1       0x20080000        0x0
                0x20080000                Image$$RW_IRAM3$$Base = .
 *(AHBSRAM1)
                0x20080000                Image$$RW_IRAM3$$ZI$$Limit = .
OUTPUT(Serial_library.elf elf32-littlearm)

.ARM.attributes
                0x00000000       0x29
 .ARM.attributes
                0x00000000       0x1d c:/program files (x86)/gnu tools arm embedded/4.9 2015q3/bin/../lib/gcc/arm-none-eabi/4.9.3/armv7-m/crti.o
 .ARM.attributes
                0x0000001d       0x2d c:/program files (x86)/gnu tools arm embedded/4.9 2015q3/bin/../lib/gcc/arm-none-eabi/4.9.3/armv7-m/crtbegin.o
 .ARM.attributes
                0x0000004a       0x1b c:/program files (x86)/gnu tools arm embedded/4.9 2015q3/bin/../lib/gcc/arm-none-eabi/4.9.3/../../../../arm-none-eabi/lib/armv7-m/crt0.o
 .ARM.attributes
                0x00000065       0x33 main.o
 .ARM.attributes
                0x00000098       0x33 UART_multiData/UART_multiData.o
 .ARM.attributes
                0x000000cb       0x33 mbed/TARGET_LPC1768/TOOLCHAIN_GCC_ARM/board.o
 .ARM.attributes
                0x000000fe       0x33 mbed/TARGET_LPC1768/TOOLCHAIN_GCC_ARM/cmsis_nvic.o
 .ARM.attributes
                0x00000131       0x33 mbed/TARGET_LPC1768/TOOLCHAIN_GCC_ARM/retarget.o
 .ARM.attributes
                0x00000164       0x1b mbed/TARGET_LPC1768/TOOLCHAIN_GCC_ARM/startup_LPC17xx.o
 .ARM.attributes
                0x0000017f       0x33 mbed/TARGET_LPC1768/TOOLCHAIN_GCC_ARM/system_LPC17xx.o
 .ARM.attributes
                0x000001b2       0x33 ./mbed/TARGET_LPC1768/TOOLCHAIN_GCC_ARM\libmbed.a(serial_api.o)
 .ARM.attributes
                0x000001e5       0x33 ./mbed/TARGET_LPC1768/TOOLCHAIN_GCC_ARM\libmbed.a(FilePath.o)
 .ARM.attributes
                0x00000218       0x33 ./mbed/TARGET_LPC1768/TOOLCHAIN_GCC_ARM\libmbed.a(Serial.o)
 .ARM.attributes
                0x0000024b       0x33 ./mbed/TARGET_LPC1768/TOOLCHAIN_GCC_ARM\libmbed.a(SerialBase.o)
 .ARM.attributes
                0x0000027e       0x33 ./mbed/TARGET_LPC1768/TOOLCHAIN_GCC_ARM\libmbed.a(Stream.o)
 .ARM.attributes
                0x000002b1       0x33 ./mbed/TARGET_LPC1768/TOOLCHAIN_GCC_ARM\libmbed.a(assert.o)
 .ARM.attributes
                0x000002e4       0x33 ./mbed/TARGET_LPC1768/TOOLCHAIN_GCC_ARM\libmbed.a(error.o)
 .ARM.attributes
                0x00000317       0x33 ./mbed/TARGET_LPC1768/TOOLCHAIN_GCC_ARM\libmbed.a(gpio.o)
 .ARM.attributes
                0x0000034a       0x33 ./mbed/TARGET_LPC1768/TOOLCHAIN_GCC_ARM\libmbed.a(mbed_interface.o)
 .ARM.attributes
                0x0000037d       0x33 ./mbed/TARGET_LPC1768/TOOLCHAIN_GCC_ARM\libmbed.a(pinmap_common.o)
 .ARM.attributes
                0x000003b0       0x33 ./mbed/TARGET_LPC1768/TOOLCHAIN_GCC_ARM\libmbed.a(semihost_api.o)
 .ARM.attributes
                0x000003e3       0x33 ./mbed/TARGET_LPC1768/TOOLCHAIN_GCC_ARM\libmbed.a(wait_api.o)
 .ARM.attributes
                0x00000416       0x33 ./mbed/TARGET_LPC1768/TOOLCHAIN_GCC_ARM\libmbed.a(gpio_api.o)
 .ARM.attributes
                0x00000449       0x33 ./mbed/TARGET_LPC1768/TOOLCHAIN_GCC_ARM\libmbed.a(pinmap.o)
 .ARM.attributes
                0x0000047c       0x33 ./mbed/TARGET_LPC1768/TOOLCHAIN_GCC_ARM\libmbed.a(us_ticker.o)
 .ARM.attributes
                0x000004af       0x33 ./mbed/TARGET_LPC1768/TOOLCHAIN_GCC_ARM\libmbed.a(FileLike.o)
 .ARM.attributes
                0x000004e2       0x33 ./mbed/TARGET_LPC1768/TOOLCHAIN_GCC_ARM\libmbed.a(FileBase.o)
 .ARM.attributes
                0x00000515       0x33 ./mbed/TARGET_LPC1768/TOOLCHAIN_GCC_ARM\libmbed.a(us_ticker_api.o)
 .ARM.attributes
                0x00000548       0x33 ./mbed/TARGET_LPC1768/TOOLCHAIN_GCC_ARM\libmbed.a(ticker_api.o)
 .ARM.attributes
                0x0000057b       0x2d c:/program files (x86)/gnu tools arm embedded/4.9 2015q3/bin/../lib/gcc/arm-none-eabi/4.9.3/../../../../arm-none-eabi/lib/armv7-m\libstdc++_nano.a(atexit_arm.o)
 .ARM.attributes
                0x000005a8       0x2d c:/program files (x86)/gnu tools arm embedded/4.9 2015q3/bin/../lib/gcc/arm-none-eabi/4.9.3/../../../../arm-none-eabi/lib/armv7-m\libstdc++_nano.a(del_op.o)
 .ARM.attributes
                0x000005d5       0x2d c:/program files (x86)/gnu tools arm embedded/4.9 2015q3/bin/../lib/gcc/arm-none-eabi/4.9.3/../../../../arm-none-eabi/lib/armv7-m\libc_nano.a(lib_a-abs.o)
 .ARM.attributes
                0x00000602       0x2d c:/program files (x86)/gnu tools arm embedded/4.9 2015q3/bin/../lib/gcc/arm-none-eabi/4.9.3/../../../../arm-none-eabi/lib/armv7-m\libc_nano.a(lib_a-cxa_atexit.o)
 .ARM.attributes
                0x0000062f       0x2d c:/program files (x86)/gnu tools arm embedded/4.9 2015q3/bin/../lib/gcc/arm-none-eabi/4.9.3/../../../../arm-none-eabi/lib/armv7-m\libc_nano.a(lib_a-errno.o)
 .ARM.attributes
                0x0000065c       0x2d c:/program files (x86)/gnu tools arm embedded/4.9 2015q3/bin/../lib/gcc/arm-none-eabi/4.9.3/../../../../arm-none-eabi/lib/armv7-m\libc_nano.a(lib_a-exit.o)
 .ARM.attributes
                0x00000689       0x2d c:/program files (x86)/gnu tools arm embedded/4.9 2015q3/bin/../lib/gcc/arm-none-eabi/4.9.3/../../../../arm-none-eabi/lib/armv7-m\libc_nano.a(lib_a-fclose.o)
 .ARM.attributes
                0x000006b6       0x2d c:/program files (x86)/gnu tools arm embedded/4.9 2015q3/bin/../lib/gcc/arm-none-eabi/4.9.3/../../../../arm-none-eabi/lib/armv7-m\libc_nano.a(lib_a-fflush.o)
 .ARM.attributes
                0x000006e3       0x2d c:/program files (x86)/gnu tools arm embedded/4.9 2015q3/bin/../lib/gcc/arm-none-eabi/4.9.3/../../../../arm-none-eabi/lib/armv7-m\libc_nano.a(lib_a-findfp.o)
 .ARM.attributes
                0x00000710       0x2d c:/program files (x86)/gnu tools arm embedded/4.9 2015q3/bin/../lib/gcc/arm-none-eabi/4.9.3/../../../../arm-none-eabi/lib/armv7-m\libc_nano.a(lib_a-fopen.o)
 .ARM.attributes
                0x0000073d       0x2d c:/program files (x86)/gnu tools arm embedded/4.9 2015q3/bin/../lib/gcc/arm-none-eabi/4.9.3/../../../../arm-none-eabi/lib/armv7-m\libc_nano.a(lib_a-fputc.o)
 .ARM.attributes
                0x0000076a       0x2d c:/program files (x86)/gnu tools arm embedded/4.9 2015q3/bin/../lib/gcc/arm-none-eabi/4.9.3/../../../../arm-none-eabi/lib/armv7-m\libc_nano.a(lib_a-fseek.o)
 .ARM.attributes
                0x00000797       0x2d c:/program files (x86)/gnu tools arm embedded/4.9 2015q3/bin/../lib/gcc/arm-none-eabi/4.9.3/../../../../arm-none-eabi/lib/armv7-m\libc_nano.a(lib_a-fseeko.o)
 .ARM.attributes
                0x000007c4       0x2d c:/program files (x86)/gnu tools arm embedded/4.9 2015q3/bin/../lib/gcc/arm-none-eabi/4.9.3/../../../../arm-none-eabi/lib/armv7-m\libc_nano.a(lib_a-fwalk.o)
 .ARM.attributes
                0x000007f1       0x2d c:/program files (x86)/gnu tools arm embedded/4.9 2015q3/bin/../lib/gcc/arm-none-eabi/4.9.3/../../../../arm-none-eabi/lib/armv7-m\libc_nano.a(lib_a-impure.o)
 .ARM.attributes
                0x0000081e       0x2d c:/program files (x86)/gnu tools arm embedded/4.9 2015q3/bin/../lib/gcc/arm-none-eabi/4.9.3/../../../../arm-none-eabi/lib/armv7-m\libc_nano.a(lib_a-init.o)
 .ARM.attributes
                0x0000084b       0x2d c:/program files (x86)/gnu tools arm embedded/4.9 2015q3/bin/../lib/gcc/arm-none-eabi/4.9.3/../../../../arm-none-eabi/lib/armv7-m\libc_nano.a(lib_a-makebuf.o)
 .ARM.attributes
                0x00000878       0x2d c:/program files (x86)/gnu tools arm embedded/4.9 2015q3/bin/../lib/gcc/arm-none-eabi/4.9.3/../../../../arm-none-eabi/lib/armv7-m\libc_nano.a(lib_a-malloc.o)
 .ARM.attributes
                0x000008a5       0x2d c:/program files (x86)/gnu tools arm embedded/4.9 2015q3/bin/../lib/gcc/arm-none-eabi/4.9.3/../../../../arm-none-eabi/lib/armv7-m\libc_nano.a(lib_a-memchr.o)
 .ARM.attributes
                0x000008d2       0x2d c:/program files (x86)/gnu tools arm embedded/4.9 2015q3/bin/../lib/gcc/arm-none-eabi/4.9.3/../../../../arm-none-eabi/lib/armv7-m\libc_nano.a(lib_a-memcpy.o)
 .ARM.attributes
                0x000008ff       0x2d c:/program files (x86)/gnu tools arm embedded/4.9 2015q3/bin/../lib/gcc/arm-none-eabi/4.9.3/../../../../arm-none-eabi/lib/armv7-m\libc_nano.a(lib_a-memset.o)
 .ARM.attributes
                0x0000092c       0x2d c:/program files (x86)/gnu tools arm embedded/4.9 2015q3/bin/../lib/gcc/arm-none-eabi/4.9.3/../../../../arm-none-eabi/lib/armv7-m\libc_nano.a(lib_a-nano-freer.o)
 .ARM.attributes
                0x00000959       0x2d c:/program files (x86)/gnu tools arm embedded/4.9 2015q3/bin/../lib/gcc/arm-none-eabi/4.9.3/../../../../arm-none-eabi/lib/armv7-m\libc_nano.a(lib_a-nano-mallocr.o)
 .ARM.attributes
                0x00000986       0x2d c:/program files (x86)/gnu tools arm embedded/4.9 2015q3/bin/../lib/gcc/arm-none-eabi/4.9.3/../../../../arm-none-eabi/lib/armv7-m\libc_nano.a(lib_a-nano-vfprintf.o)
 .ARM.attributes
                0x000009b3       0x2d c:/program files (x86)/gnu tools arm embedded/4.9 2015q3/bin/../lib/gcc/arm-none-eabi/4.9.3/../../../../arm-none-eabi/lib/armv7-m\libc_nano.a(lib_a-nano-vfprintf_float.o)
 .ARM.attributes
                0x000009e0       0x2d c:/program files (x86)/gnu tools arm embedded/4.9 2015q3/bin/../lib/gcc/arm-none-eabi/4.9.3/../../../../arm-none-eabi/lib/armv7-m\libc_nano.a(lib_a-nano-vfprintf_i.o)
 .ARM.attributes
                0x00000a0d       0x2d c:/program files (x86)/gnu tools arm embedded/4.9 2015q3/bin/../lib/gcc/arm-none-eabi/4.9.3/../../../../arm-none-eabi/lib/armv7-m\libc_nano.a(lib_a-nano-vfscanf_float.o)
 .ARM.attributes
                0x00000a3a       0x2d c:/program files (x86)/gnu tools arm embedded/4.9 2015q3/bin/../lib/gcc/arm-none-eabi/4.9.3/../../../../arm-none-eabi/lib/armv7-m\libc_nano.a(lib_a-nano-vfscanf_i.o)
 .ARM.attributes
                0x00000a67       0x2d c:/program files (x86)/gnu tools arm embedded/4.9 2015q3/bin/../lib/gcc/arm-none-eabi/4.9.3/../../../../arm-none-eabi/lib/armv7-m\libc_nano.a(lib_a-openr.o)
 .ARM.attributes
                0x00000a94       0x2d c:/program files (x86)/gnu tools arm embedded/4.9 2015q3/bin/../lib/gcc/arm-none-eabi/4.9.3/../../../../arm-none-eabi/lib/armv7-m\libc_nano.a(lib_a-putc.o)
 .ARM.attributes
                0x00000ac1       0x2d c:/program files (x86)/gnu tools arm embedded/4.9 2015q3/bin/../lib/gcc/arm-none-eabi/4.9.3/../../../../arm-none-eabi/lib/armv7-m\libc_nano.a(lib_a-reent.o)
 .ARM.attributes
                0x00000aee       0x2d c:/program files (x86)/gnu tools arm embedded/4.9 2015q3/bin/../lib/gcc/arm-none-eabi/4.9.3/../../../../arm-none-eabi/lib/armv7-m\libc_nano.a(lib_a-s_fpclassify.o)
 .ARM.attributes
                0x00000b1b       0x2d c:/program files (x86)/gnu tools arm embedded/4.9 2015q3/bin/../lib/gcc/arm-none-eabi/4.9.3/../../../../arm-none-eabi/lib/armv7-m\libc_nano.a(lib_a-sbrkr.o)
 .ARM.attributes
                0x00000b48       0x2d c:/program files (x86)/gnu tools arm embedded/4.9 2015q3/bin/../lib/gcc/arm-none-eabi/4.9.3/../../../../arm-none-eabi/lib/armv7-m\libc_nano.a(lib_a-sccl.o)
 .ARM.attributes
                0x00000b75       0x2d c:/program files (x86)/gnu tools arm embedded/4.9 2015q3/bin/../lib/gcc/arm-none-eabi/4.9.3/../../../../arm-none-eabi/lib/armv7-m\libc_nano.a(lib_a-setbuf.o)
 .ARM.attributes
                0x00000ba2       0x2d c:/program files (x86)/gnu tools arm embedded/4.9 2015q3/bin/../lib/gcc/arm-none-eabi/4.9.3/../../../../arm-none-eabi/lib/armv7-m\libc_nano.a(lib_a-setvbuf.o)
 .ARM.attributes
                0x00000bcf       0x2d c:/program files (x86)/gnu tools arm embedded/4.9 2015q3/bin/../lib/gcc/arm-none-eabi/4.9.3/../../../../arm-none-eabi/lib/armv7-m\libc_nano.a(lib_a-sf_nan.o)
 .ARM.attributes
                0x00000bfc       0x2d c:/program files (x86)/gnu tools arm embedded/4.9 2015q3/bin/../lib/gcc/arm-none-eabi/4.9.3/../../../../arm-none-eabi/lib/armv7-m\libc_nano.a(lib_a-sprintf.o)
 .ARM.attributes
                0x00000c29       0x2d c:/program files (x86)/gnu tools arm embedded/4.9 2015q3/bin/../lib/gcc/arm-none-eabi/4.9.3/../../../../arm-none-eabi/lib/armv7-m\libc_nano.a(lib_a-sscanf.o)
 .ARM.attributes
                0x00000c56       0x2d c:/program files (x86)/gnu tools arm embedded/4.9 2015q3/bin/../lib/gcc/arm-none-eabi/4.9.3/../../../../arm-none-eabi/lib/armv7-m\libc_nano.a(lib_a-stdio.o)
 .ARM.attributes
                0x00000c83       0x1b c:/program files (x86)/gnu tools arm embedded/4.9 2015q3/bin/../lib/gcc/arm-none-eabi/4.9.3/../../../../arm-none-eabi/lib/armv7-m\libc_nano.a(lib_a-strcmp.o)
 .ARM.attributes
                0x00000c9e       0x2d c:/program files (x86)/gnu tools arm embedded/4.9 2015q3/bin/../lib/gcc/arm-none-eabi/4.9.3/../../../../arm-none-eabi/lib/armv7-m\libc_nano.a(lib_a-strlen.o)
 .ARM.attributes
                0x00000ccb       0x2d c:/program files (x86)/gnu tools arm embedded/4.9 2015q3/bin/../lib/gcc/arm-none-eabi/4.9.3/../../../../arm-none-eabi/lib/armv7-m\libc_nano.a(lib_a-strncmp.o)
 .ARM.attributes
                0x00000cf8       0x2d c:/program files (x86)/gnu tools arm embedded/4.9 2015q3/bin/../lib/gcc/arm-none-eabi/4.9.3/../../../../arm-none-eabi/lib/armv7-m\libc_nano.a(lib_a-strtod.o)
 .ARM.attributes
                0x00000d25       0x2d c:/program files (x86)/gnu tools arm embedded/4.9 2015q3/bin/../lib/gcc/arm-none-eabi/4.9.3/../../../../arm-none-eabi/lib/armv7-m\libc_nano.a(lib_a-strtol.o)
 .ARM.attributes
                0x00000d52       0x2d c:/program files (x86)/gnu tools arm embedded/4.9 2015q3/bin/../lib/gcc/arm-none-eabi/4.9.3/../../../../arm-none-eabi/lib/armv7-m\libc_nano.a(lib_a-strtoul.o)
 .ARM.attributes
                0x00000d7f       0x2d c:/program files (x86)/gnu tools arm embedded/4.9 2015q3/bin/../lib/gcc/arm-none-eabi/4.9.3/../../../../arm-none-eabi/lib/armv7-m\libc_nano.a(lib_a-ungetc.o)
 .ARM.attributes
                0x00000dac       0x2d c:/program files (x86)/gnu tools arm embedded/4.9 2015q3/bin/../lib/gcc/arm-none-eabi/4.9.3/../../../../arm-none-eabi/lib/armv7-m\libc_nano.a(lib_a-wbuf.o)
 .ARM.attributes
                0x00000dd9       0x2d c:/program files (x86)/gnu tools arm embedded/4.9 2015q3/bin/../lib/gcc/arm-none-eabi/4.9.3/../../../../arm-none-eabi/lib/armv7-m\libc_nano.a(lib_a-writer.o)
 .ARM.attributes
                0x00000e06       0x2d c:/program files (x86)/gnu tools arm embedded/4.9 2015q3/bin/../lib/gcc/arm-none-eabi/4.9.3/../../../../arm-none-eabi/lib/armv7-m\libc_nano.a(lib_a-wsetup.o)
 .ARM.attributes